###############################################################################
#
# IAR ELF Linker V8.10.1.12857/W32 for ARM                24/Aug/2018  16:42:10
# Copyright 2007-2017 IAR Systems AB.
#
#    Output file  =  E:\Stm32Learning\Practice4-TIM3\Debug\Exe\Project.out
#    Map file     =  E:\Stm32Learning\Practice4-TIM3\Debug\List\Project.map
#    Command line =  
#        -f C:\Users\dell\AppData\Local\Temp\EWA583.tmp
#        (E:\Stm32Learning\Practice4-TIM3\Debug\Obj\bsp.o
#        E:\Stm32Learning\Practice4-TIM3\Debug\Obj\main.o
#        E:\Stm32Learning\Practice4-TIM3\Debug\Obj\misc.o
#        E:\Stm32Learning\Practice4-TIM3\Debug\Obj\startup_stm32f40_41xxx.o
#        E:\Stm32Learning\Practice4-TIM3\Debug\Obj\stm32f4xx_gpio.o
#        E:\Stm32Learning\Practice4-TIM3\Debug\Obj\stm32f4xx_it.o
#        E:\Stm32Learning\Practice4-TIM3\Debug\Obj\stm32f4xx_rcc.o
#        E:\Stm32Learning\Practice4-TIM3\Debug\Obj\stm32f4xx_tim.o
#        E:\Stm32Learning\Practice4-TIM3\Debug\Obj\system_stm32f4xx.o
#        E:\Stm32Learning\Practice4-TIM3\Debug\Obj\tim.o -o
#        E:\Stm32Learning\Practice4-TIM3\Debug\Exe\Project.out --map
#        E:\Stm32Learning\Practice4-TIM3\Debug\List\Project.map --config
#        E:\Stm32Learning\Practice4-TIM3\User\stm32f4xx_flash.icf --semihosting
#        --entry __iar_program_start --vfe --text_out locale)
#
###############################################################################

*******************************************************************************
*** RUNTIME MODEL ATTRIBUTES
***

CppFlavor       = *
__SystemLibrary = DLib
__dlib_version  = 6


*******************************************************************************
*** HEAP SELECTION
***

The basic heap was selected because no calls to memory allocation
functions were found in the application outside of system library
functions, and there are calls to deallocation functions in the
application.


*******************************************************************************
*** PLACEMENT SUMMARY
***

"A0":  place at 0x08000000 { ro section .intvec };
"P1":  place in [from 0x08000000 to 0x081fffff] { ro };
"P2":  place in [from 0x20000000 to 0x2002ffff] { rw, block CSTACK, block HEAP };

  Section   Kind        Address   Size  Object
  -------   ----        -------   ----  ------
"A0":                            0x188
  .intvec   ro code  0x08000000  0x188  startup_stm32f40_41xxx.o [1]
                   - 0x08000188  0x188

"P1":                            0x684
  .text     ro code  0x08000188  0x154  system_stm32f4xx.o [1]
  .text     ro code  0x080002dc   0xf4  stm32f4xx_tim.o [1]
  .text     ro code  0x080003d0   0xc0  tim.o [1]
  .text     ro code  0x08000490   0x48  stm32f4xx_rcc.o [1]
  .text     ro code  0x080004d8   0xb4  stm32f4xx_gpio.o [1]
  .text     ro code  0x0800058c   0x88  misc.o [1]
  .text     ro code  0x08000614   0x22  fpinit_M.o [4]
  .text     ro code  0x08000636   0x12  stm32f4xx_it.o [1]
  .text     ro code  0x08000648   0x1a  cmain.o [5]
  .text     ro code  0x08000662    0x4  low_level_init.o [3]
  .text     ro code  0x08000666   0x10  main.o [1]
  .text     ro code  0x08000676    0x4  exit.o [3]
  .text     ro code  0x0800067a   0x10  bsp.o [1]
  .text     ro code  0x0800068c    0xa  cexit.o [5]
  .text     ro code  0x08000698   0x14  exit.o [6]
  .text     ro code  0x080006ac   0x10  startup_stm32f40_41xxx.o [1]
  .text     ro code  0x080006bc    0xc  cstartup_M.o [5]
  .text     ro code  0x080006c8    0x4  startup_stm32f40_41xxx.o [1]
  .text     ro code  0x080006cc    0x4  startup_stm32f40_41xxx.o [1]
  .text     ro code  0x080006d0    0x4  startup_stm32f40_41xxx.o [1]
  .text     ro code  0x080006d4    0x4  startup_stm32f40_41xxx.o [1]
  .text     ro code  0x080006d8    0x4  startup_stm32f40_41xxx.o [1]
  .text     ro code  0x080006dc    0x4  startup_stm32f40_41xxx.o [1]
  .text     ro code  0x080006e0    0x4  startup_stm32f40_41xxx.o [1]
  .text     ro code  0x080006e4    0x4  startup_stm32f40_41xxx.o [1]
  .text     ro code  0x080006e8    0x4  startup_stm32f40_41xxx.o [1]
  .text     ro code  0x080006ec    0x4  startup_stm32f40_41xxx.o [1]
  .text     ro code  0x080006f0    0x4  startup_stm32f40_41xxx.o [1]
  .text     ro code  0x080006f4    0x4  startup_stm32f40_41xxx.o [1]
  .text     ro code  0x080006f8    0x4  startup_stm32f40_41xxx.o [1]
  .text     ro code  0x080006fc    0x4  startup_stm32f40_41xxx.o [1]
  .text     ro code  0x08000700    0x4  startup_stm32f40_41xxx.o [1]
  .text     ro code  0x08000704    0x4  startup_stm32f40_41xxx.o [1]
  .text     ro code  0x08000708    0x4  startup_stm32f40_41xxx.o [1]
  .text     ro code  0x0800070c    0x4  startup_stm32f40_41xxx.o [1]
  .text     ro code  0x08000710    0x4  startup_stm32f40_41xxx.o [1]
  .text     ro code  0x08000714    0x4  startup_stm32f40_41xxx.o [1]
  .text     ro code  0x08000718    0x4  startup_stm32f40_41xxx.o [1]
  .text     ro code  0x0800071c    0x4  startup_stm32f40_41xxx.o [1]
  .text     ro code  0x08000720    0x4  startup_stm32f40_41xxx.o [1]
  .text     ro code  0x08000724    0x4  startup_stm32f40_41xxx.o [1]
  .text     ro code  0x08000728    0x4  startup_stm32f40_41xxx.o [1]
  .text     ro code  0x0800072c    0x4  startup_stm32f40_41xxx.o [1]
  .text     ro code  0x08000730    0x4  startup_stm32f40_41xxx.o [1]
  .text     ro code  0x08000734    0x4  startup_stm32f40_41xxx.o [1]
  .text     ro code  0x08000738    0x4  startup_stm32f40_41xxx.o [1]
  .text     ro code  0x0800073c    0x4  startup_stm32f40_41xxx.o [1]
  .text     ro code  0x08000740    0x4  startup_stm32f40_41xxx.o [1]
  .text     ro code  0x08000744    0x4  startup_stm32f40_41xxx.o [1]
  .text     ro code  0x08000748    0x4  startup_stm32f40_41xxx.o [1]
  .text     ro code  0x0800074c    0x4  startup_stm32f40_41xxx.o [1]
  .text     ro code  0x08000750    0x4  startup_stm32f40_41xxx.o [1]
  .text     ro code  0x08000754    0x4  startup_stm32f40_41xxx.o [1]
  .text     ro code  0x08000758    0x4  startup_stm32f40_41xxx.o [1]
  .text     ro code  0x0800075c    0x4  startup_stm32f40_41xxx.o [1]
  .text     ro code  0x08000760    0x4  startup_stm32f40_41xxx.o [1]
  .text     ro code  0x08000764    0x4  startup_stm32f40_41xxx.o [1]
  .text     ro code  0x08000768    0x4  startup_stm32f40_41xxx.o [1]
  .text     ro code  0x0800076c    0x4  startup_stm32f40_41xxx.o [1]
  .text     ro code  0x08000770    0x4  startup_stm32f40_41xxx.o [1]
  .text     ro code  0x08000774    0x4  startup_stm32f40_41xxx.o [1]
  .text     ro code  0x08000778    0x4  startup_stm32f40_41xxx.o [1]
  .text     ro code  0x0800077c    0x4  startup_stm32f40_41xxx.o [1]
  .text     ro code  0x08000780    0x4  startup_stm32f40_41xxx.o [1]
  .text     ro code  0x08000784    0x4  startup_stm32f40_41xxx.o [1]
  .text     ro code  0x08000788    0x4  startup_stm32f40_41xxx.o [1]
  .text     ro code  0x0800078c    0x4  startup_stm32f40_41xxx.o [1]
  .text     ro code  0x08000790    0x4  startup_stm32f40_41xxx.o [1]
  .text     ro code  0x08000794    0x4  startup_stm32f40_41xxx.o [1]
  .text     ro code  0x08000798    0x4  startup_stm32f40_41xxx.o [1]
  .text     ro code  0x0800079c    0x4  startup_stm32f40_41xxx.o [1]
  .text     ro code  0x080007a0    0x4  startup_stm32f40_41xxx.o [1]
  .text     ro code  0x080007a4    0x4  startup_stm32f40_41xxx.o [1]
  .text     ro code  0x080007a8    0x4  startup_stm32f40_41xxx.o [1]
  .text     ro code  0x080007ac    0x4  startup_stm32f40_41xxx.o [1]
  .text     ro code  0x080007b0    0x4  startup_stm32f40_41xxx.o [1]
  .text     ro code  0x080007b4    0x4  startup_stm32f40_41xxx.o [1]
  .text     ro code  0x080007b8    0x4  startup_stm32f40_41xxx.o [1]
  .text     ro code  0x080007bc    0x4  startup_stm32f40_41xxx.o [1]
  .text     ro code  0x080007c0    0x4  startup_stm32f40_41xxx.o [1]
  .text     ro code  0x080007c4    0x4  startup_stm32f40_41xxx.o [1]
  .text     ro code  0x080007c8    0x4  startup_stm32f40_41xxx.o [1]
  .text     ro code  0x080007cc    0x4  startup_stm32f40_41xxx.o [1]
  .text     ro code  0x080007d0    0x4  startup_stm32f40_41xxx.o [1]
  .text     ro code  0x080007d4    0x4  startup_stm32f40_41xxx.o [1]
  .text     ro code  0x080007d8    0x4  startup_stm32f40_41xxx.o [1]
  .text     ro code  0x080007dc    0x4  startup_stm32f40_41xxx.o [1]
  .text     ro code  0x080007e0    0x4  startup_stm32f40_41xxx.o [1]
  .text     ro code  0x080007e4    0x4  startup_stm32f40_41xxx.o [1]
  .text     ro code  0x080007e8    0x4  startup_stm32f40_41xxx.o [1]
  .text     ro code  0x080007ec    0x4  startup_stm32f40_41xxx.o [1]
  .text     ro code  0x080007f0    0x4  startup_stm32f40_41xxx.o [1]
  .text     ro code  0x080007f4    0x4  startup_stm32f40_41xxx.o [1]
  .text     ro code  0x080007f8    0x4  startup_stm32f40_41xxx.o [1]
  .text     ro code  0x080007fc    0x4  startup_stm32f40_41xxx.o [1]
  .text     ro code  0x08000800    0x4  startup_stm32f40_41xxx.o [1]
  .text     ro code  0x08000804    0x4  startup_stm32f40_41xxx.o [1]
  .text     ro code  0x08000808    0x4  startup_stm32f40_41xxx.o [1]
                   - 0x0800080c  0x684

"P2":                            0x400
  CSTACK             0x20000000  0x400  <Block>
    CSTACK  uninit   0x20000000  0x400  <Block tail>
                   - 0x20000400  0x400



*******************************************************************************
*** MODULE SUMMARY
***

    Module                    ro code  rw data
    ------                    -------  -------
E:\Stm32Learning\Practice4-TIM3\Debug\Obj: [1]
    bsp.o                          16
    main.o                         16
    misc.o                        136
    startup_stm32f40_41xxx.o      732
    stm32f4xx_gpio.o              180
    stm32f4xx_it.o                 18
    stm32f4xx_rcc.o                72
    stm32f4xx_tim.o               244
    system_stm32f4xx.o            340
    tim.o                         192
    ------------------------------------------
    Total:                      1 946

command line: [2]
    ------------------------------------------
    Total:

dl7M_tlf.a: [3]
    exit.o                          4
    low_level_init.o                4
    ------------------------------------------
    Total:                          8

m7M_tls.a: [4]
    fpinit_M.o                     34
    ------------------------------------------
    Total:                         34

rt7M_tl.a: [5]
    cexit.o                        10
    cmain.o                        26
    cstartup_M.o                   12
    ------------------------------------------
    Total:                         48

shb_l.a: [6]
    exit.o                         20
    ------------------------------------------
    Total:                         20

    Gaps                            4
    Linker created                       1 024
----------------------------------------------
    Grand Total:                2 060    1 024


*******************************************************************************
*** ENTRY LIST
***

Entry                      Address  Size  Type      Object
-----                      -------  ----  ----      ------
?main                   0x08000649        Code  Gb  cmain.o [5]
BSP_Init                0x0800067b  0x10  Code  Gb  bsp.o [1]
BusFault_Handler        0x0800063d   0x2  Code  Gb  stm32f4xx_it.o [1]
CSTACK$$Base            0x20000000         --   Gb  - Linker created -
CSTACK$$Limit           0x20000400         --   Gb  - Linker created -
DebugMon_Handler        0x08000643   0x2  Code  Gb  stm32f4xx_it.o [1]
GPIO_Init               0x080004d9  0xaa  Code  Gb  stm32f4xx_gpio.o [1]
GPIO_ToggleBits         0x08000583   0xa  Code  Gb  stm32f4xx_gpio.o [1]
HardFault_Handler       0x08000639   0x2  Code  Gb  stm32f4xx_it.o [1]
LED_Init                0x080003d1  0x34  Code  Gb  tim.o [1]
MemManage_Handler       0x0800063b   0x2  Code  Gb  stm32f4xx_it.o [1]
NMI_Handler             0x08000637   0x2  Code  Gb  stm32f4xx_it.o [1]
NVIC_Init               0x08000597  0x6a  Code  Gb  misc.o [1]
NVIC_PriorityGroupConfig
                        0x0800058d   0xa  Code  Gb  misc.o [1]
PendSV_Handler          0x08000645   0x2  Code  Gb  stm32f4xx_it.o [1]
RCC_AHB1PeriphClockCmd  0x08000491  0x22  Code  Gb  stm32f4xx_rcc.o [1]
RCC_APB1PeriphClockCmd  0x080004b3  0x1e  Code  Gb  stm32f4xx_rcc.o [1]
Region$$Table$$Base     0x00000000         --   Gb  - Linker created -
Region$$Table$$Limit    0x00000000         --   Gb  - Linker created -
SVC_Handler             0x08000641   0x2  Code  Gb  stm32f4xx_it.o [1]
SetSysClock             0x080001db  0xce  Code  Lc  system_stm32f4xx.o [1]
SysTick_Handler         0x08000647   0x2  Code  Gb  stm32f4xx_it.o [1]
SystemInit              0x08000189  0x52  Code  Gb  system_stm32f4xx.o [1]
TIM3_IRQHandler         0x08000467  0x22  Code  Gb  tim.o [1]
TIM_ClearITPendingBit   0x080003c9   0x8  Code  Gb  stm32f4xx_tim.o [1]
TIM_Cmd                 0x08000347  0x1c  Code  Gb  stm32f4xx_tim.o [1]
TIM_GetITStatus         0x08000397  0x32  Code  Gb  stm32f4xx_tim.o [1]
TIM_ITConfig            0x08000381  0x16  Code  Gb  stm32f4xx_tim.o [1]
TIM_Init                0x08000405  0x62  Code  Gb  tim.o [1]
TIM_TimeBaseInit        0x080002dd  0x6a  Code  Gb  stm32f4xx_tim.o [1]
UsageFault_Handler      0x0800063f   0x2  Code  Gb  stm32f4xx_it.o [1]
__cmain                 0x08000649        Code  Gb  cmain.o [5]
__exit                  0x08000699  0x14  Code  Gb  exit.o [6]
__iar_init_vfp          0x08000615        Code  Gb  fpinit_M.o [4]
__iar_program_start     0x080006bd        Code  Gb  cstartup_M.o [5]
__iar_systems$$module {Abs}
                        0x00000001        Data  Gb  command line/config [2]
__low_level_init        0x08000663   0x4  Code  Gb  low_level_init.o [3]
__vector_table          0x08000000        Data  Gb  startup_stm32f40_41xxx.o [1]
_call_main              0x08000655        Code  Gb  cmain.o [5]
_exit                   0x0800068d        Code  Gb  cexit.o [5]
_main                   0x0800065f        Code  Gb  cmain.o [5]
exit                    0x08000677   0x4  Code  Gb  exit.o [3]
main                    0x08000667  0x10  Code  Gb  main.o [1]


[1] = E:\Stm32Learning\Practice4-TIM3\Debug\Obj
[2] = command line
[3] = dl7M_tlf.a
[4] = m7M_tls.a
[5] = rt7M_tl.a
[6] = shb_l.a

  2 060 bytes of readonly  code memory
  1 024 bytes of readwrite data memory

Errors: none
Warnings: none
