###############################################################################
#
# IAR ELF Linker V8.10.1.12857/W32 for ARM                24/Aug/2018  16:15:33
# Copyright 2007-2017 IAR Systems AB.
#
#    Output file  =  E:\Stm32Learning\Practice3-EXTI\Debug\Exe\Project.out
#    Map file     =  E:\Stm32Learning\Practice3-EXTI\Debug\List\Project.map
#    Command line =  
#        -f C:\Users\dell\AppData\Local\Temp\EW4A10.tmp
#        (E:\Stm32Learning\Practice3-EXTI\Debug\Obj\bsp.o
#        E:\Stm32Learning\Practice3-EXTI\Debug\Obj\KEY.o
#        E:\Stm32Learning\Practice3-EXTI\Debug\Obj\main.o
#        E:\Stm32Learning\Practice3-EXTI\Debug\Obj\misc.o
#        E:\Stm32Learning\Practice3-EXTI\Debug\Obj\startup_stm32f40_41xxx.o
#        E:\Stm32Learning\Practice3-EXTI\Debug\Obj\stm32f4xx_exti.o
#        E:\Stm32Learning\Practice3-EXTI\Debug\Obj\stm32f4xx_gpio.o
#        E:\Stm32Learning\Practice3-EXTI\Debug\Obj\stm32f4xx_it.o
#        E:\Stm32Learning\Practice3-EXTI\Debug\Obj\stm32f4xx_rcc.o
#        E:\Stm32Learning\Practice3-EXTI\Debug\Obj\stm32f4xx_syscfg.o
#        E:\Stm32Learning\Practice3-EXTI\Debug\Obj\system_stm32f4xx.o -o
#        E:\Stm32Learning\Practice3-EXTI\Debug\Exe\Project.out --map
#        E:\Stm32Learning\Practice3-EXTI\Debug\List\Project.map --config
#        E:\Stm32Learning\Practice3-EXTI\User\stm32f4xx_flash.icf --semihosting
#        --entry __iar_program_start --vfe --text_out locale)
#
###############################################################################

*******************************************************************************
*** RUNTIME MODEL ATTRIBUTES
***

CppFlavor       = *
__SystemLibrary = DLib
__dlib_version  = 6


*******************************************************************************
*** HEAP SELECTION
***

The basic heap was selected because no calls to memory allocation
functions were found in the application outside of system library
functions, and there are calls to deallocation functions in the
application.


*******************************************************************************
*** PLACEMENT SUMMARY
***

"A0":  place at 0x08000000 { ro section .intvec };
"P1":  place in [from 0x08000000 to 0x081fffff] { ro };
"P2":  place in [from 0x20000000 to 0x2002ffff] { rw, block CSTACK, block HEAP };

  Section   Kind        Address   Size  Object
  -------   ----        -------   ----  ------
"A0":                            0x188
  .intvec   ro code  0x08000000  0x188  startup_stm32f40_41xxx.o [1]
                   - 0x08000188  0x188

"P1":                            0x6dc
  .text     ro code  0x08000188  0x154  system_stm32f4xx.o [1]
  .text     ro code  0x080002dc   0xd4  KEY.o [1]
  .text     ro code  0x080003b0   0x48  stm32f4xx_rcc.o [1]
  .text     ro code  0x080003f8   0xb4  stm32f4xx_gpio.o [1]
  .text     ro code  0x080004ac   0x5c  stm32f4xx_syscfg.o [1]
  .text     ro code  0x08000508   0xc0  stm32f4xx_exti.o [1]
  .text     ro code  0x080005c8   0x88  misc.o [1]
  .text     ro code  0x08000650   0x2c  bsp.o [1]
  .text     ro code  0x0800067c   0x22  fpinit_M.o [4]
  .text     ro code  0x0800069e   0x12  stm32f4xx_it.o [1]
  .text     ro code  0x080006b0   0x1a  cmain.o [5]
  .text     ro code  0x080006ca    0x4  low_level_init.o [3]
  .text     ro code  0x080006ce   0x10  main.o [1]
  .text     ro code  0x080006de    0x4  exit.o [3]
  .text     ro code  0x080006e4    0xa  cexit.o [5]
  .text     ro code  0x080006f0   0x14  exit.o [6]
  .text     ro code  0x08000704   0x10  startup_stm32f40_41xxx.o [1]
  .text     ro code  0x08000714    0xc  cstartup_M.o [5]
  .text     ro code  0x08000720    0x4  startup_stm32f40_41xxx.o [1]
  .text     ro code  0x08000724    0x4  startup_stm32f40_41xxx.o [1]
  .text     ro code  0x08000728    0x4  startup_stm32f40_41xxx.o [1]
  .text     ro code  0x0800072c    0x4  startup_stm32f40_41xxx.o [1]
  .text     ro code  0x08000730    0x4  startup_stm32f40_41xxx.o [1]
  .text     ro code  0x08000734    0x4  startup_stm32f40_41xxx.o [1]
  .text     ro code  0x08000738    0x4  startup_stm32f40_41xxx.o [1]
  .text     ro code  0x0800073c    0x4  startup_stm32f40_41xxx.o [1]
  .text     ro code  0x08000740    0x4  startup_stm32f40_41xxx.o [1]
  .text     ro code  0x08000744    0x4  startup_stm32f40_41xxx.o [1]
  .text     ro code  0x08000748    0x4  startup_stm32f40_41xxx.o [1]
  .text     ro code  0x0800074c    0x4  startup_stm32f40_41xxx.o [1]
  .text     ro code  0x08000750    0x4  startup_stm32f40_41xxx.o [1]
  .text     ro code  0x08000754    0x4  startup_stm32f40_41xxx.o [1]
  .text     ro code  0x08000758    0x4  startup_stm32f40_41xxx.o [1]
  .text     ro code  0x0800075c    0x4  startup_stm32f40_41xxx.o [1]
  .text     ro code  0x08000760    0x4  startup_stm32f40_41xxx.o [1]
  .text     ro code  0x08000764    0x4  startup_stm32f40_41xxx.o [1]
  .text     ro code  0x08000768    0x4  startup_stm32f40_41xxx.o [1]
  .text     ro code  0x0800076c    0x4  startup_stm32f40_41xxx.o [1]
  .text     ro code  0x08000770    0x4  startup_stm32f40_41xxx.o [1]
  .text     ro code  0x08000774    0x4  startup_stm32f40_41xxx.o [1]
  .text     ro code  0x08000778    0x4  startup_stm32f40_41xxx.o [1]
  .text     ro code  0x0800077c    0x4  startup_stm32f40_41xxx.o [1]
  .text     ro code  0x08000780    0x4  startup_stm32f40_41xxx.o [1]
  .text     ro code  0x08000784    0x4  startup_stm32f40_41xxx.o [1]
  .text     ro code  0x08000788    0x4  startup_stm32f40_41xxx.o [1]
  .text     ro code  0x0800078c    0x4  startup_stm32f40_41xxx.o [1]
  .text     ro code  0x08000790    0x4  startup_stm32f40_41xxx.o [1]
  .text     ro code  0x08000794    0x4  startup_stm32f40_41xxx.o [1]
  .text     ro code  0x08000798    0x4  startup_stm32f40_41xxx.o [1]
  .text     ro code  0x0800079c    0x4  startup_stm32f40_41xxx.o [1]
  .text     ro code  0x080007a0    0x4  startup_stm32f40_41xxx.o [1]
  .text     ro code  0x080007a4    0x4  startup_stm32f40_41xxx.o [1]
  .text     ro code  0x080007a8    0x4  startup_stm32f40_41xxx.o [1]
  .text     ro code  0x080007ac    0x4  startup_stm32f40_41xxx.o [1]
  .text     ro code  0x080007b0    0x4  startup_stm32f40_41xxx.o [1]
  .text     ro code  0x080007b4    0x4  startup_stm32f40_41xxx.o [1]
  .text     ro code  0x080007b8    0x4  startup_stm32f40_41xxx.o [1]
  .text     ro code  0x080007bc    0x4  startup_stm32f40_41xxx.o [1]
  .text     ro code  0x080007c0    0x4  startup_stm32f40_41xxx.o [1]
  .text     ro code  0x080007c4    0x4  startup_stm32f40_41xxx.o [1]
  .text     ro code  0x080007c8    0x4  startup_stm32f40_41xxx.o [1]
  .text     ro code  0x080007cc    0x4  startup_stm32f40_41xxx.o [1]
  .text     ro code  0x080007d0    0x4  startup_stm32f40_41xxx.o [1]
  .text     ro code  0x080007d4    0x4  startup_stm32f40_41xxx.o [1]
  .text     ro code  0x080007d8    0x4  startup_stm32f40_41xxx.o [1]
  .text     ro code  0x080007dc    0x4  startup_stm32f40_41xxx.o [1]
  .text     ro code  0x080007e0    0x4  startup_stm32f40_41xxx.o [1]
  .text     ro code  0x080007e4    0x4  startup_stm32f40_41xxx.o [1]
  .text     ro code  0x080007e8    0x4  startup_stm32f40_41xxx.o [1]
  .text     ro code  0x080007ec    0x4  startup_stm32f40_41xxx.o [1]
  .text     ro code  0x080007f0    0x4  startup_stm32f40_41xxx.o [1]
  .text     ro code  0x080007f4    0x4  startup_stm32f40_41xxx.o [1]
  .text     ro code  0x080007f8    0x4  startup_stm32f40_41xxx.o [1]
  .text     ro code  0x080007fc    0x4  startup_stm32f40_41xxx.o [1]
  .text     ro code  0x08000800    0x4  startup_stm32f40_41xxx.o [1]
  .text     ro code  0x08000804    0x4  startup_stm32f40_41xxx.o [1]
  .text     ro code  0x08000808    0x4  startup_stm32f40_41xxx.o [1]
  .text     ro code  0x0800080c    0x4  startup_stm32f40_41xxx.o [1]
  .text     ro code  0x08000810    0x4  startup_stm32f40_41xxx.o [1]
  .text     ro code  0x08000814    0x4  startup_stm32f40_41xxx.o [1]
  .text     ro code  0x08000818    0x4  startup_stm32f40_41xxx.o [1]
  .text     ro code  0x0800081c    0x4  startup_stm32f40_41xxx.o [1]
  .text     ro code  0x08000820    0x4  startup_stm32f40_41xxx.o [1]
  .text     ro code  0x08000824    0x4  startup_stm32f40_41xxx.o [1]
  .text     ro code  0x08000828    0x4  startup_stm32f40_41xxx.o [1]
  .text     ro code  0x0800082c    0x4  startup_stm32f40_41xxx.o [1]
  .text     ro code  0x08000830    0x4  startup_stm32f40_41xxx.o [1]
  .text     ro code  0x08000834    0x4  startup_stm32f40_41xxx.o [1]
  .text     ro code  0x08000838    0x4  startup_stm32f40_41xxx.o [1]
  .text     ro code  0x0800083c    0x4  startup_stm32f40_41xxx.o [1]
  .text     ro code  0x08000840    0x4  startup_stm32f40_41xxx.o [1]
  .text     ro code  0x08000844    0x4  startup_stm32f40_41xxx.o [1]
  .text     ro code  0x08000848    0x4  startup_stm32f40_41xxx.o [1]
  .text     ro code  0x0800084c    0x4  startup_stm32f40_41xxx.o [1]
  .text     ro code  0x08000850    0x4  startup_stm32f40_41xxx.o [1]
  .text     ro code  0x08000854    0x4  startup_stm32f40_41xxx.o [1]
  .text     ro code  0x08000858    0x4  startup_stm32f40_41xxx.o [1]
  .text     ro code  0x0800085c    0x4  startup_stm32f40_41xxx.o [1]
  .text     ro code  0x08000860    0x4  startup_stm32f40_41xxx.o [1]
                   - 0x08000864  0x6dc

"P2":                            0x400
  CSTACK             0x20000000  0x400  <Block>
    CSTACK  uninit   0x20000000  0x400  <Block tail>
                   - 0x20000400  0x400



*******************************************************************************
*** MODULE SUMMARY
***

    Module                    ro code  rw data
    ------                    -------  -------
E:\Stm32Learning\Practice3-EXTI\Debug\Obj: [1]
    KEY.o                         212
    bsp.o                          44
    main.o                         16
    misc.o                        136
    startup_stm32f40_41xxx.o      732
    stm32f4xx_exti.o              192
    stm32f4xx_gpio.o              180
    stm32f4xx_it.o                 18
    stm32f4xx_rcc.o                72
    stm32f4xx_syscfg.o             92
    system_stm32f4xx.o            340
    ------------------------------------------
    Total:                      2 034

command line: [2]
    ------------------------------------------
    Total:

dl7M_tlf.a: [3]
    exit.o                          4
    low_level_init.o                4
    ------------------------------------------
    Total:                          8

m7M_tls.a: [4]
    fpinit_M.o                     34
    ------------------------------------------
    Total:                         34

rt7M_tl.a: [5]
    cexit.o                        10
    cmain.o                        26
    cstartup_M.o                   12
    ------------------------------------------
    Total:                         48

shb_l.a: [6]
    exit.o                         20
    ------------------------------------------
    Total:                         20

    Gaps                            4
    Linker created                       1 024
----------------------------------------------
    Grand Total:                2 148    1 024


*******************************************************************************
*** ENTRY LIST
***

Entry                      Address  Size  Type      Object
-----                      -------  ----  ----      ------
?main                   0x080006b1        Code  Gb  cmain.o [5]
BSP_Init                0x08000651  0x10  Code  Gb  bsp.o [1]
BusFault_Handler        0x080006a5   0x2  Code  Gb  stm32f4xx_it.o [1]
CSTACK$$Base            0x20000000         --   Gb  - Linker created -
CSTACK$$Limit           0x20000400         --   Gb  - Linker created -
DebugMon_Handler        0x080006ab   0x2  Code  Gb  stm32f4xx_it.o [1]
EXTI9_5_IRQHandler      0x08000385  0x24  Code  Gb  KEY.o [1]
EXTI_ClearITPendingBit  0x080005ab   0x6  Code  Gb  stm32f4xx_exti.o [1]
EXTI_GetITStatus        0x08000591  0x1a  Code  Gb  stm32f4xx_exti.o [1]
EXTI_Init               0x08000509  0x88  Code  Gb  stm32f4xx_exti.o [1]
GPIO_Init               0x080003f9  0xaa  Code  Gb  stm32f4xx_gpio.o [1]
GPIO_ToggleBits         0x080004a3   0xa  Code  Gb  stm32f4xx_gpio.o [1]
HardFault_Handler       0x080006a1   0x2  Code  Gb  stm32f4xx_it.o [1]
KEY_Init                0x080002dd  0xa8  Code  Gb  KEY.o [1]
MemManage_Handler       0x080006a3   0x2  Code  Gb  stm32f4xx_it.o [1]
NMI_Handler             0x0800069f   0x2  Code  Gb  stm32f4xx_it.o [1]
NVIC_Init               0x080005d3  0x6a  Code  Gb  misc.o [1]
NVIC_PriorityGroupConfig
                        0x080005c9   0xa  Code  Gb  misc.o [1]
PendSV_Handler          0x080006ad   0x2  Code  Gb  stm32f4xx_it.o [1]
RCC_AHB1PeriphClockCmd  0x080003b1  0x22  Code  Gb  stm32f4xx_rcc.o [1]
RCC_APB2PeriphClockCmd  0x080003d3  0x1e  Code  Gb  stm32f4xx_rcc.o [1]
Region$$Table$$Base     0x00000000         --   Gb  - Linker created -
Region$$Table$$Limit    0x00000000         --   Gb  - Linker created -
SVC_Handler             0x080006a9   0x2  Code  Gb  stm32f4xx_it.o [1]
SYSCFG_EXTILineConfig   0x080004ad  0x58  Code  Gb  stm32f4xx_syscfg.o [1]
SetSysClock             0x080001db  0xce  Code  Lc  system_stm32f4xx.o [1]
SysTick_Handler         0x080006af   0x2  Code  Gb  stm32f4xx_it.o [1]
SystemInit              0x08000189  0x52  Code  Gb  system_stm32f4xx.o [1]
UsageFault_Handler      0x080006a7   0x2  Code  Gb  stm32f4xx_it.o [1]
__cmain                 0x080006b1        Code  Gb  cmain.o [5]
__exit                  0x080006f1  0x14  Code  Gb  exit.o [6]
__iar_init_vfp          0x0800067d        Code  Gb  fpinit_M.o [4]
__iar_program_start     0x08000715        Code  Gb  cstartup_M.o [5]
__iar_systems$$module {Abs}
                        0x00000001        Data  Gb  command line/config [2]
__low_level_init        0x080006cb   0x4  Code  Gb  low_level_init.o [3]
__vector_table          0x08000000        Data  Gb  startup_stm32f40_41xxx.o [1]
_call_main              0x080006bd        Code  Gb  cmain.o [5]
_exit                   0x080006e5        Code  Gb  cexit.o [5]
_main                   0x080006c7        Code  Gb  cmain.o [5]
delay_ms                0x08000661  0x1c  Code  Gb  bsp.o [1]
exit                    0x080006df   0x4  Code  Gb  exit.o [3]
main                    0x080006cf  0x10  Code  Gb  main.o [1]


[1] = E:\Stm32Learning\Practice3-EXTI\Debug\Obj
[2] = command line
[3] = dl7M_tlf.a
[4] = m7M_tls.a
[5] = rt7M_tl.a
[6] = shb_l.a

  2 148 bytes of readonly  code memory
  1 024 bytes of readwrite data memory

Errors: none
Warnings: none
