###############################################################################
#
# IAR ELF Linker V8.10.1.12857/W32 for ARM                24/Aug/2018  19:57:33
# Copyright 2007-2017 IAR Systems AB.
#
#    Output file  =  E:\Stm32Learning\Practice5-PWM\Debug\Exe\Project.out
#    Map file     =  E:\Stm32Learning\Practice5-PWM\Debug\List\Project.map
#    Command line =  
#        -f C:\Users\dell\AppData\Local\Temp\EW894B.tmp
#        (E:\Stm32Learning\Practice5-PWM\Debug\Obj\bsp.o
#        E:\Stm32Learning\Practice5-PWM\Debug\Obj\main.o
#        E:\Stm32Learning\Practice5-PWM\Debug\Obj\misc.o
#        E:\Stm32Learning\Practice5-PWM\Debug\Obj\startup_stm32f40_41xxx.o
#        E:\Stm32Learning\Practice5-PWM\Debug\Obj\stm32f4xx_gpio.o
#        E:\Stm32Learning\Practice5-PWM\Debug\Obj\stm32f4xx_it.o
#        E:\Stm32Learning\Practice5-PWM\Debug\Obj\stm32f4xx_rcc.o
#        E:\Stm32Learning\Practice5-PWM\Debug\Obj\stm32f4xx_tim.o
#        E:\Stm32Learning\Practice5-PWM\Debug\Obj\system_stm32f4xx.o
#        E:\Stm32Learning\Practice5-PWM\Debug\Obj\tim.o -o
#        E:\Stm32Learning\Practice5-PWM\Debug\Exe\Project.out --map
#        E:\Stm32Learning\Practice5-PWM\Debug\List\Project.map --config
#        E:\Stm32Learning\Practice5-PWM\User\stm32f4xx_flash.icf --semihosting
#        --entry __iar_program_start --vfe --text_out locale)
#
###############################################################################

*******************************************************************************
*** RUNTIME MODEL ATTRIBUTES
***

CppFlavor       = *
__SystemLibrary = DLib
__dlib_version  = 6


*******************************************************************************
*** HEAP SELECTION
***

The basic heap was selected because no calls to memory allocation
functions were found in the application outside of system library
functions, and there are calls to deallocation functions in the
application.


*******************************************************************************
*** PLACEMENT SUMMARY
***

"A0":  place at 0x08000000 { ro section .intvec };
"P1":  place in [from 0x08000000 to 0x081fffff] { ro };
"P2":  place in [from 0x20000000 to 0x2002ffff] { rw, block CSTACK, block HEAP };
initialize by copy { rw };

  Section            Kind        Address   Size  Object
  -------            ----        -------   ----  ------
"A0":                                     0x188
  .intvec            ro code  0x08000000  0x188  startup_stm32f40_41xxx.o [1]
                            - 0x08000188  0x188

"P1":                                     0x79c
  .text              ro code  0x08000188  0x154  system_stm32f4xx.o [1]
  .text              ro code  0x080002dc  0x152  stm32f4xx_tim.o [1]
  .text              ro code  0x0800042e   0x12  stm32f4xx_it.o [1]
  .text              ro code  0x08000440  0x10c  stm32f4xx_gpio.o [1]
  .text              ro code  0x0800054c   0xac  tim.o [1]
  .text              ro code  0x080005f8   0x48  stm32f4xx_rcc.o [1]
  .text              ro code  0x08000640   0x6c  main.o [1]
  .text              ro code  0x080006ac   0x2c  bsp.o [1]
  .text              ro code  0x080006d8   0x14  misc.o [1]
  .text              ro code  0x080006ec   0x2c  copy_init3.o [5]
  .text              ro code  0x08000718   0x28  data_init.o [5]
  .text              ro code  0x08000740   0x22  fpinit_M.o [4]
  .iar.init_table    const    0x08000764   0x14  - Linker created -
  .text              ro code  0x08000778   0x1a  cmain.o [5]
  .text              ro code  0x08000792    0x4  low_level_init.o [3]
  .text              ro code  0x08000796    0x4  exit.o [3]
  .text              ro code  0x0800079c    0xa  cexit.o [5]
  .text              ro code  0x080007a8   0x14  exit.o [6]
  .text              ro code  0x080007bc   0x10  startup_stm32f40_41xxx.o [1]
  .text              ro code  0x080007cc    0xc  cstartup_M.o [5]
  .text              ro code  0x080007d8    0x4  startup_stm32f40_41xxx.o [1]
  .text              ro code  0x080007dc    0x4  startup_stm32f40_41xxx.o [1]
  .text              ro code  0x080007e0    0x4  startup_stm32f40_41xxx.o [1]
  .text              ro code  0x080007e4    0x4  startup_stm32f40_41xxx.o [1]
  .text              ro code  0x080007e8    0x4  startup_stm32f40_41xxx.o [1]
  .text              ro code  0x080007ec    0x4  startup_stm32f40_41xxx.o [1]
  .text              ro code  0x080007f0    0x4  startup_stm32f40_41xxx.o [1]
  .text              ro code  0x080007f4    0x4  startup_stm32f40_41xxx.o [1]
  .text              ro code  0x080007f8    0x4  startup_stm32f40_41xxx.o [1]
  .text              ro code  0x080007fc    0x4  startup_stm32f40_41xxx.o [1]
  .text              ro code  0x08000800    0x4  startup_stm32f40_41xxx.o [1]
  .text              ro code  0x08000804    0x4  startup_stm32f40_41xxx.o [1]
  .text              ro code  0x08000808    0x4  startup_stm32f40_41xxx.o [1]
  .text              ro code  0x0800080c    0x4  startup_stm32f40_41xxx.o [1]
  .text              ro code  0x08000810    0x4  startup_stm32f40_41xxx.o [1]
  .text              ro code  0x08000814    0x4  startup_stm32f40_41xxx.o [1]
  .text              ro code  0x08000818    0x4  startup_stm32f40_41xxx.o [1]
  .text              ro code  0x0800081c    0x4  startup_stm32f40_41xxx.o [1]
  .text              ro code  0x08000820    0x4  startup_stm32f40_41xxx.o [1]
  .text              ro code  0x08000824    0x4  startup_stm32f40_41xxx.o [1]
  .text              ro code  0x08000828    0x4  startup_stm32f40_41xxx.o [1]
  .text              ro code  0x0800082c    0x4  startup_stm32f40_41xxx.o [1]
  .text              ro code  0x08000830    0x4  startup_stm32f40_41xxx.o [1]
  .text              ro code  0x08000834    0x4  startup_stm32f40_41xxx.o [1]
  .text              ro code  0x08000838    0x4  startup_stm32f40_41xxx.o [1]
  .text              ro code  0x0800083c    0x4  startup_stm32f40_41xxx.o [1]
  .text              ro code  0x08000840    0x4  startup_stm32f40_41xxx.o [1]
  .text              ro code  0x08000844    0x4  startup_stm32f40_41xxx.o [1]
  .text              ro code  0x08000848    0x4  startup_stm32f40_41xxx.o [1]
  .text              ro code  0x0800084c    0x4  startup_stm32f40_41xxx.o [1]
  .text              ro code  0x08000850    0x4  startup_stm32f40_41xxx.o [1]
  .text              ro code  0x08000854    0x4  startup_stm32f40_41xxx.o [1]
  .text              ro code  0x08000858    0x4  startup_stm32f40_41xxx.o [1]
  .text              ro code  0x0800085c    0x4  startup_stm32f40_41xxx.o [1]
  .text              ro code  0x08000860    0x4  startup_stm32f40_41xxx.o [1]
  .text              ro code  0x08000864    0x4  startup_stm32f40_41xxx.o [1]
  .text              ro code  0x08000868    0x4  startup_stm32f40_41xxx.o [1]
  .text              ro code  0x0800086c    0x4  startup_stm32f40_41xxx.o [1]
  .text              ro code  0x08000870    0x4  startup_stm32f40_41xxx.o [1]
  .text              ro code  0x08000874    0x4  startup_stm32f40_41xxx.o [1]
  .text              ro code  0x08000878    0x4  startup_stm32f40_41xxx.o [1]
  .text              ro code  0x0800087c    0x4  startup_stm32f40_41xxx.o [1]
  .text              ro code  0x08000880    0x4  startup_stm32f40_41xxx.o [1]
  .text              ro code  0x08000884    0x4  startup_stm32f40_41xxx.o [1]
  .text              ro code  0x08000888    0x4  startup_stm32f40_41xxx.o [1]
  .text              ro code  0x0800088c    0x4  startup_stm32f40_41xxx.o [1]
  .text              ro code  0x08000890    0x4  startup_stm32f40_41xxx.o [1]
  .text              ro code  0x08000894    0x4  startup_stm32f40_41xxx.o [1]
  .text              ro code  0x08000898    0x4  startup_stm32f40_41xxx.o [1]
  .text              ro code  0x0800089c    0x4  startup_stm32f40_41xxx.o [1]
  .text              ro code  0x080008a0    0x4  startup_stm32f40_41xxx.o [1]
  .text              ro code  0x080008a4    0x4  startup_stm32f40_41xxx.o [1]
  .text              ro code  0x080008a8    0x4  startup_stm32f40_41xxx.o [1]
  .text              ro code  0x080008ac    0x4  startup_stm32f40_41xxx.o [1]
  .text              ro code  0x080008b0    0x4  startup_stm32f40_41xxx.o [1]
  .text              ro code  0x080008b4    0x4  startup_stm32f40_41xxx.o [1]
  .text              ro code  0x080008b8    0x4  startup_stm32f40_41xxx.o [1]
  .text              ro code  0x080008bc    0x4  startup_stm32f40_41xxx.o [1]
  .text              ro code  0x080008c0    0x4  startup_stm32f40_41xxx.o [1]
  .text              ro code  0x080008c4    0x4  startup_stm32f40_41xxx.o [1]
  .text              ro code  0x080008c8    0x4  startup_stm32f40_41xxx.o [1]
  .text              ro code  0x080008cc    0x4  startup_stm32f40_41xxx.o [1]
  .text              ro code  0x080008d0    0x4  startup_stm32f40_41xxx.o [1]
  .text              ro code  0x080008d4    0x4  startup_stm32f40_41xxx.o [1]
  .text              ro code  0x080008d8    0x4  startup_stm32f40_41xxx.o [1]
  .text              ro code  0x080008dc    0x4  startup_stm32f40_41xxx.o [1]
  .text              ro code  0x080008e0    0x4  startup_stm32f40_41xxx.o [1]
  .text              ro code  0x080008e4    0x4  startup_stm32f40_41xxx.o [1]
  .text              ro code  0x080008e8    0x4  startup_stm32f40_41xxx.o [1]
  .text              ro code  0x080008ec    0x4  startup_stm32f40_41xxx.o [1]
  .text              ro code  0x080008f0    0x4  startup_stm32f40_41xxx.o [1]
  .text              ro code  0x080008f4    0x4  startup_stm32f40_41xxx.o [1]
  .text              ro code  0x080008f8    0x4  startup_stm32f40_41xxx.o [1]
  .text              ro code  0x080008fc    0x4  startup_stm32f40_41xxx.o [1]
  .text              ro code  0x08000900    0x4  startup_stm32f40_41xxx.o [1]
  .text              ro code  0x08000904    0x4  startup_stm32f40_41xxx.o [1]
  .text              ro code  0x08000908    0x4  startup_stm32f40_41xxx.o [1]
  .text              ro code  0x0800090c    0x4  startup_stm32f40_41xxx.o [1]
  .text              ro code  0x08000910    0x4  startup_stm32f40_41xxx.o [1]
  .text              ro code  0x08000914    0x4  startup_stm32f40_41xxx.o [1]
  .text              ro code  0x08000918    0x4  startup_stm32f40_41xxx.o [1]
  .text              ro code  0x0800091c    0x4  startup_stm32f40_41xxx.o [1]
  Initializer bytes  const    0x08000920    0x4  <for P2-1>
  .rodata            const    0x08000924    0x0  copy_init3.o [5]
                            - 0x08000924  0x79c

"P2", part 1 of 2:                          0x4
  P2-1                        0x20000000    0x3  <Init block>
    .bss             inited   0x20000000    0x2  main.o [1]
    .data            inited   0x20000002    0x1  main.o [1]
                            - 0x20000003    0x3

"P2", part 2 of 2:                        0x400
  CSTACK                      0x20000008  0x400  <Block>
    CSTACK           uninit   0x20000008  0x400  <Block tail>
                            - 0x20000408  0x400


*******************************************************************************
*** INIT TABLE
***

          Address     Size
          -------     ----
Copy (__iar_copy_init3)
    1 source range, total size 0x4 (133% of destination):
          0x08000920   0x4
    1 destination range, total size 0x3:
          0x20000000   0x3



*******************************************************************************
*** MODULE SUMMARY
***

    Module                    ro code  ro data  rw data
    ------                    -------  -------  -------
E:\Stm32Learning\Practice5-PWM\Debug\Obj: [1]
    bsp.o                          44
    main.o                        108        3        3
    misc.o                         20
    startup_stm32f40_41xxx.o      736
    stm32f4xx_gpio.o              268
    stm32f4xx_it.o                 18
    stm32f4xx_rcc.o                72
    stm32f4xx_tim.o               338
    system_stm32f4xx.o            340
    tim.o                         172
    ---------------------------------------------------
    Total:                      2 116        3        3

command line: [2]
    ---------------------------------------------------
    Total:

dl7M_tlf.a: [3]
    exit.o                          4
    low_level_init.o                4
    ---------------------------------------------------
    Total:                          8

m7M_tls.a: [4]
    fpinit_M.o                     34
    ---------------------------------------------------
    Total:                         34

rt7M_tl.a: [5]
    cexit.o                        10
    cmain.o                        26
    copy_init3.o                   44
    cstartup_M.o                   12
    data_init.o                    40
    ---------------------------------------------------
    Total:                        132

shb_l.a: [6]
    exit.o                         20
    ---------------------------------------------------
    Total:                         20

    Gaps                            4        2
    Linker created                          21    1 024
-------------------------------------------------------
    Grand Total:                2 314       26    1 027


*******************************************************************************
*** ENTRY LIST
***

Entry                      Address  Size  Type      Object
-----                      -------  ----  ----      ------
.iar.init_table$$Base   0x08000764         --   Gb  - Linker created -
.iar.init_table$$Limit  0x08000778         --   Gb  - Linker created -
?main                   0x08000779        Code  Gb  cmain.o [5]
BSP_Init                0x080006ad  0x10  Code  Gb  bsp.o [1]
BusFault_Handler        0x08000435   0x2  Code  Gb  stm32f4xx_it.o [1]
CSTACK$$Base            0x20000008         --   Gb  - Linker created -
CSTACK$$Limit           0x20000408         --   Gb  - Linker created -
DebugMon_Handler        0x0800043b   0x2  Code  Gb  stm32f4xx_it.o [1]
GPIO_Init               0x08000441  0xaa  Code  Gb  stm32f4xx_gpio.o [1]
GPIO_PinAFConfig        0x080004eb  0x62  Code  Gb  stm32f4xx_gpio.o [1]
HardFault_Handler       0x08000431   0x2  Code  Gb  stm32f4xx_it.o [1]
LED_Init                0x0800054d  0x3e  Code  Gb  tim.o [1]
MemManage_Handler       0x08000433   0x2  Code  Gb  stm32f4xx_it.o [1]
NMI_Handler             0x0800042f   0x2  Code  Gb  stm32f4xx_it.o [1]
NVIC_PriorityGroupConfig
                        0x080006d9   0xa  Code  Gb  misc.o [1]
PendSV_Handler          0x0800043d   0x2  Code  Gb  stm32f4xx_it.o [1]
RCC_AHB1PeriphClockCmd  0x080005f9  0x22  Code  Gb  stm32f4xx_rcc.o [1]
RCC_APB2PeriphClockCmd  0x0800061b  0x1e  Code  Gb  stm32f4xx_rcc.o [1]
Region$$Table$$Base     0x08000764         --   Gb  - Linker created -
Region$$Table$$Limit    0x08000778         --   Gb  - Linker created -
SVC_Handler             0x08000439   0x2  Code  Gb  stm32f4xx_it.o [1]
SetSysClock             0x080001db  0xce  Code  Lc  system_stm32f4xx.o [1]
SysTick_Handler         0x0800043f   0x2  Code  Gb  stm32f4xx_it.o [1]
SystemInit              0x08000189  0x52  Code  Gb  system_stm32f4xx.o [1]
TIM_ARRPreloadConfig    0x08000347  0x1c  Code  Gb  stm32f4xx_tim.o [1]
TIM_Cmd                 0x08000363  0x1c  Code  Gb  stm32f4xx_tim.o [1]
TIM_Init                0x0800058b  0x64  Code  Gb  tim.o [1]
TIM_OC1Init             0x0800037f  0x7e  Code  Gb  stm32f4xx_tim.o [1]
TIM_OC1PreloadConfig    0x0800041d  0x12  Code  Gb  stm32f4xx_tim.o [1]
TIM_SetCompare1         0x08000419   0x4  Code  Gb  stm32f4xx_tim.o [1]
TIM_TimeBaseInit        0x080002dd  0x6a  Code  Gb  stm32f4xx_tim.o [1]
UsageFault_Handler      0x08000437   0x2  Code  Gb  stm32f4xx_it.o [1]
__cmain                 0x08000779        Code  Gb  cmain.o [5]
__exit                  0x080007a9  0x14  Code  Gb  exit.o [6]
__iar_copy_init3        0x080006ed  0x2c  Code  Gb  copy_init3.o [5]
__iar_data_init3        0x08000719  0x28  Code  Gb  data_init.o [5]
__iar_init_vfp          0x08000741        Code  Gb  fpinit_M.o [4]
__iar_program_start     0x080007cd        Code  Gb  cstartup_M.o [5]
__iar_systems$$module {Abs}
                        0x00000001        Data  Gb  command line/config [2]
__low_level_init        0x08000793   0x4  Code  Gb  low_level_init.o [3]
__vector_table          0x08000000        Data  Gb  startup_stm32f40_41xxx.o [1]
_call_main              0x08000785        Code  Gb  cmain.o [5]
_exit                   0x0800079d        Code  Gb  cexit.o [5]
_main                   0x0800078f        Code  Gb  cmain.o [5]
delay_ms                0x080006bd  0x1c  Code  Gb  bsp.o [1]
dir                     0x20000002   0x1  Data  Gb  main.o [1]
exit                    0x08000797   0x4  Code  Gb  exit.o [3]
led0pwmval              0x20000000   0x2  Data  Gb  main.o [1]
main                    0x08000641  0x6c  Code  Gb  main.o [1]


[1] = E:\Stm32Learning\Practice5-PWM\Debug\Obj
[2] = command line
[3] = dl7M_tlf.a
[4] = m7M_tls.a
[5] = rt7M_tl.a
[6] = shb_l.a

  2 314 bytes of readonly  code memory
     26 bytes of readonly  data memory
  1 027 bytes of readwrite data memory

Errors: none
Warnings: none
