###############################################################################
#
# IAR ELF Linker V8.10.1.12857/W32 for ARM                28/Aug/2018  17:32:25
# Copyright 2007-2017 IAR Systems AB.
#
#    Output file  =  E:\Stm32Learning\Project1-Car\Debug\Exe\Project.out
#    Map file     =  E:\Stm32Learning\Project1-Car\Debug\List\Project.map
#    Command line =  
#        -f C:\Users\dell\AppData\Local\Temp\EW1E14.tmp
#        (E:\Stm32Learning\Project1-Car\Debug\Obj\bsp.o
#        E:\Stm32Learning\Project1-Car\Debug\Obj\exti.o
#        E:\Stm32Learning\Project1-Car\Debug\Obj\main.o
#        E:\Stm32Learning\Project1-Car\Debug\Obj\misc.o
#        E:\Stm32Learning\Project1-Car\Debug\Obj\pwm.o
#        E:\Stm32Learning\Project1-Car\Debug\Obj\startup_stm32f40_41xxx.o
#        E:\Stm32Learning\Project1-Car\Debug\Obj\stm32f4xx_adc.o
#        E:\Stm32Learning\Project1-Car\Debug\Obj\stm32f4xx_exti.o
#        E:\Stm32Learning\Project1-Car\Debug\Obj\stm32f4xx_gpio.o
#        E:\Stm32Learning\Project1-Car\Debug\Obj\stm32f4xx_it.o
#        E:\Stm32Learning\Project1-Car\Debug\Obj\stm32f4xx_rcc.o
#        E:\Stm32Learning\Project1-Car\Debug\Obj\stm32f4xx_syscfg.o
#        E:\Stm32Learning\Project1-Car\Debug\Obj\stm32f4xx_tim.o
#        E:\Stm32Learning\Project1-Car\Debug\Obj\stm32f4xx_wwdg.o
#        E:\Stm32Learning\Project1-Car\Debug\Obj\system_stm32f4xx.o
#        E:\Stm32Learning\Project1-Car\Debug\Obj\tim.o -o
#        E:\Stm32Learning\Project1-Car\Debug\Exe\Project.out --map
#        E:\Stm32Learning\Project1-Car\Debug\List\Project.map --config
#        E:\Stm32Learning\Project1-Car\User\stm32f4xx_flash.icf --semihosting
#        --entry __iar_program_start --vfe --text_out locale)
#
###############################################################################

*******************************************************************************
*** RUNTIME MODEL ATTRIBUTES
***

CppFlavor       = *
__SystemLibrary = DLib
__dlib_version  = 6


*******************************************************************************
*** HEAP SELECTION
***

The basic heap was selected because no calls to memory allocation
functions were found in the application outside of system library
functions, and there are calls to deallocation functions in the
application.


*******************************************************************************
*** PLACEMENT SUMMARY
***

"A0":  place at 0x08000000 { ro section .intvec };
"P1":  place in [from 0x08000000 to 0x081fffff] { ro };
"P2":  place in [from 0x20000000 to 0x2002ffff] { rw, block CSTACK, block HEAP };
initialize by copy { rw };

  Section            Kind        Address   Size  Object
  -------            ----        -------   ----  ------
"A0":                                     0x188
  .intvec            ro code  0x08000000  0x188  startup_stm32f40_41xxx.o [1]
                            - 0x08000188  0x188

"P1":                                     0xa84
  .text              ro code  0x08000188  0x1a2  stm32f4xx_tim.o [1]
  .text              ro code  0x0800032a   0x12  stm32f4xx_it.o [1]
  .text              ro code  0x0800033c  0x154  system_stm32f4xx.o [1]
  .text              ro code  0x08000490  0x10c  stm32f4xx_gpio.o [1]
  .text              ro code  0x0800059c   0xc0  stm32f4xx_exti.o [1]
  .text              ro code  0x0800065c   0xbc  exti.o [1]
  .text              ro code  0x08000718   0x6c  stm32f4xx_rcc.o [1]
  .text              ro code  0x08000784   0x5c  stm32f4xx_syscfg.o [1]
  .text              ro code  0x080007e0   0x88  misc.o [1]
  .text              ro code  0x08000868   0xa8  pwm.o [1]
  .text              ro code  0x08000910   0x88  tim.o [1]
  .text              ro code  0x08000998   0x2c  main.o [1]
  .text              ro code  0x080009c4   0x10  bsp.o [1]
  .text              ro code  0x080009d4   0x2c  copy_init3.o [5]
  .text              ro code  0x08000a00   0x28  data_init.o [5]
  .text              ro code  0x08000a28   0x22  fpinit_M.o [4]
  .iar.init_table    const    0x08000a4c   0x14  - Linker created -
  .text              ro code  0x08000a60   0x1a  cmain.o [5]
  .text              ro code  0x08000a7a    0x4  low_level_init.o [3]
  .text              ro code  0x08000a7e    0x4  exit.o [3]
  .text              ro code  0x08000a84    0xa  cexit.o [5]
  .text              ro code  0x08000a90   0x14  exit.o [6]
  .text              ro code  0x08000aa4   0x10  startup_stm32f40_41xxx.o [1]
  .text              ro code  0x08000ab4    0xc  cstartup_M.o [5]
  Initializer bytes  const    0x08000ac0    0xc  <for P2-1>
  .text              ro code  0x08000acc    0x4  startup_stm32f40_41xxx.o [1]
  .text              ro code  0x08000ad0    0x4  startup_stm32f40_41xxx.o [1]
  .text              ro code  0x08000ad4    0x4  startup_stm32f40_41xxx.o [1]
  .text              ro code  0x08000ad8    0x4  startup_stm32f40_41xxx.o [1]
  .text              ro code  0x08000adc    0x4  startup_stm32f40_41xxx.o [1]
  .text              ro code  0x08000ae0    0x4  startup_stm32f40_41xxx.o [1]
  .text              ro code  0x08000ae4    0x4  startup_stm32f40_41xxx.o [1]
  .text              ro code  0x08000ae8    0x4  startup_stm32f40_41xxx.o [1]
  .text              ro code  0x08000aec    0x4  startup_stm32f40_41xxx.o [1]
  .text              ro code  0x08000af0    0x4  startup_stm32f40_41xxx.o [1]
  .text              ro code  0x08000af4    0x4  startup_stm32f40_41xxx.o [1]
  .text              ro code  0x08000af8    0x4  startup_stm32f40_41xxx.o [1]
  .text              ro code  0x08000afc    0x4  startup_stm32f40_41xxx.o [1]
  .text              ro code  0x08000b00    0x4  startup_stm32f40_41xxx.o [1]
  .text              ro code  0x08000b04    0x4  startup_stm32f40_41xxx.o [1]
  .text              ro code  0x08000b08    0x4  startup_stm32f40_41xxx.o [1]
  .text              ro code  0x08000b0c    0x4  startup_stm32f40_41xxx.o [1]
  .text              ro code  0x08000b10    0x4  startup_stm32f40_41xxx.o [1]
  .text              ro code  0x08000b14    0x4  startup_stm32f40_41xxx.o [1]
  .text              ro code  0x08000b18    0x4  startup_stm32f40_41xxx.o [1]
  .text              ro code  0x08000b1c    0x4  startup_stm32f40_41xxx.o [1]
  .text              ro code  0x08000b20    0x4  startup_stm32f40_41xxx.o [1]
  .text              ro code  0x08000b24    0x4  startup_stm32f40_41xxx.o [1]
  .text              ro code  0x08000b28    0x4  startup_stm32f40_41xxx.o [1]
  .text              ro code  0x08000b2c    0x4  startup_stm32f40_41xxx.o [1]
  .text              ro code  0x08000b30    0x4  startup_stm32f40_41xxx.o [1]
  .text              ro code  0x08000b34    0x4  startup_stm32f40_41xxx.o [1]
  .text              ro code  0x08000b38    0x4  startup_stm32f40_41xxx.o [1]
  .text              ro code  0x08000b3c    0x4  startup_stm32f40_41xxx.o [1]
  .text              ro code  0x08000b40    0x4  startup_stm32f40_41xxx.o [1]
  .text              ro code  0x08000b44    0x4  startup_stm32f40_41xxx.o [1]
  .text              ro code  0x08000b48    0x4  startup_stm32f40_41xxx.o [1]
  .text              ro code  0x08000b4c    0x4  startup_stm32f40_41xxx.o [1]
  .text              ro code  0x08000b50    0x4  startup_stm32f40_41xxx.o [1]
  .text              ro code  0x08000b54    0x4  startup_stm32f40_41xxx.o [1]
  .text              ro code  0x08000b58    0x4  startup_stm32f40_41xxx.o [1]
  .text              ro code  0x08000b5c    0x4  startup_stm32f40_41xxx.o [1]
  .text              ro code  0x08000b60    0x4  startup_stm32f40_41xxx.o [1]
  .text              ro code  0x08000b64    0x4  startup_stm32f40_41xxx.o [1]
  .text              ro code  0x08000b68    0x4  startup_stm32f40_41xxx.o [1]
  .text              ro code  0x08000b6c    0x4  startup_stm32f40_41xxx.o [1]
  .text              ro code  0x08000b70    0x4  startup_stm32f40_41xxx.o [1]
  .text              ro code  0x08000b74    0x4  startup_stm32f40_41xxx.o [1]
  .text              ro code  0x08000b78    0x4  startup_stm32f40_41xxx.o [1]
  .text              ro code  0x08000b7c    0x4  startup_stm32f40_41xxx.o [1]
  .text              ro code  0x08000b80    0x4  startup_stm32f40_41xxx.o [1]
  .text              ro code  0x08000b84    0x4  startup_stm32f40_41xxx.o [1]
  .text              ro code  0x08000b88    0x4  startup_stm32f40_41xxx.o [1]
  .text              ro code  0x08000b8c    0x4  startup_stm32f40_41xxx.o [1]
  .text              ro code  0x08000b90    0x4  startup_stm32f40_41xxx.o [1]
  .text              ro code  0x08000b94    0x4  startup_stm32f40_41xxx.o [1]
  .text              ro code  0x08000b98    0x4  startup_stm32f40_41xxx.o [1]
  .text              ro code  0x08000b9c    0x4  startup_stm32f40_41xxx.o [1]
  .text              ro code  0x08000ba0    0x4  startup_stm32f40_41xxx.o [1]
  .text              ro code  0x08000ba4    0x4  startup_stm32f40_41xxx.o [1]
  .text              ro code  0x08000ba8    0x4  startup_stm32f40_41xxx.o [1]
  .text              ro code  0x08000bac    0x4  startup_stm32f40_41xxx.o [1]
  .text              ro code  0x08000bb0    0x4  startup_stm32f40_41xxx.o [1]
  .text              ro code  0x08000bb4    0x4  startup_stm32f40_41xxx.o [1]
  .text              ro code  0x08000bb8    0x4  startup_stm32f40_41xxx.o [1]
  .text              ro code  0x08000bbc    0x4  startup_stm32f40_41xxx.o [1]
  .text              ro code  0x08000bc0    0x4  startup_stm32f40_41xxx.o [1]
  .text              ro code  0x08000bc4    0x4  startup_stm32f40_41xxx.o [1]
  .text              ro code  0x08000bc8    0x4  startup_stm32f40_41xxx.o [1]
  .text              ro code  0x08000bcc    0x4  startup_stm32f40_41xxx.o [1]
  .text              ro code  0x08000bd0    0x4  startup_stm32f40_41xxx.o [1]
  .text              ro code  0x08000bd4    0x4  startup_stm32f40_41xxx.o [1]
  .text              ro code  0x08000bd8    0x4  startup_stm32f40_41xxx.o [1]
  .text              ro code  0x08000bdc    0x4  startup_stm32f40_41xxx.o [1]
  .text              ro code  0x08000be0    0x4  startup_stm32f40_41xxx.o [1]
  .text              ro code  0x08000be4    0x4  startup_stm32f40_41xxx.o [1]
  .text              ro code  0x08000be8    0x4  startup_stm32f40_41xxx.o [1]
  .text              ro code  0x08000bec    0x4  startup_stm32f40_41xxx.o [1]
  .text              ro code  0x08000bf0    0x4  startup_stm32f40_41xxx.o [1]
  .text              ro code  0x08000bf4    0x4  startup_stm32f40_41xxx.o [1]
  .text              ro code  0x08000bf8    0x4  startup_stm32f40_41xxx.o [1]
  .text              ro code  0x08000bfc    0x4  startup_stm32f40_41xxx.o [1]
  .text              ro code  0x08000c00    0x4  startup_stm32f40_41xxx.o [1]
  .text              ro code  0x08000c04    0x4  startup_stm32f40_41xxx.o [1]
  .text              ro code  0x08000c08    0x4  startup_stm32f40_41xxx.o [1]
  .rodata            const    0x08000c0c    0x0  copy_init3.o [5]
                            - 0x08000c0c  0xa84

"P2", part 1 of 2:                          0xc
  P2-1                        0x20000000    0xa  <Init block>
    .bss             inited   0x20000000    0x4  exti.o [1]
    .bss             inited   0x20000004    0x4  exti.o [1]
    .data            inited   0x20000008    0x2  main.o [1]
                            - 0x2000000a    0xa

"P2", part 2 of 2:                        0x400
  CSTACK                      0x20000010  0x400  <Block>
    CSTACK           uninit   0x20000010  0x400  <Block tail>
                            - 0x20000410  0x400


*******************************************************************************
*** INIT TABLE
***

          Address     Size
          -------     ----
Copy (__iar_copy_init3)
    1 source range, total size 0xc (120% of destination):
          0x08000ac0   0xc
    1 destination range, total size 0xa:
          0x20000000   0xa



*******************************************************************************
*** MODULE SUMMARY
***

    Module                    ro code  ro data  rw data
    ------                    -------  -------  -------
E:\Stm32Learning\Project1-Car\Debug\Obj: [1]
    bsp.o                          16
    exti.o                        188        8        8
    main.o                         44        2        2
    misc.o                        136
    pwm.o                         168
    startup_stm32f40_41xxx.o      728
    stm32f4xx_exti.o              192
    stm32f4xx_gpio.o              268
    stm32f4xx_it.o                 18
    stm32f4xx_rcc.o               108
    stm32f4xx_syscfg.o             92
    stm32f4xx_tim.o               418
    system_stm32f4xx.o            340
    tim.o                         136
    ---------------------------------------------------
    Total:                      2 852       10       10

command line: [2]
    ---------------------------------------------------
    Total:

dl7M_tlf.a: [3]
    exit.o                          4
    low_level_init.o                4
    ---------------------------------------------------
    Total:                          8

m7M_tls.a: [4]
    fpinit_M.o                     34
    ---------------------------------------------------
    Total:                         34

rt7M_tl.a: [5]
    cexit.o                        10
    cmain.o                        26
    copy_init3.o                   44
    cstartup_M.o                   12
    data_init.o                    40
    ---------------------------------------------------
    Total:                        132

shb_l.a: [6]
    exit.o                         20
    ---------------------------------------------------
    Total:                         20

    Gaps                            4        2
    Linker created                          22    1 024
-------------------------------------------------------
    Grand Total:                3 050       34    1 034


*******************************************************************************
*** ENTRY LIST
***

Entry                      Address  Size  Type      Object
-----                      -------  ----  ----      ------
.iar.init_table$$Base   0x08000a4c         --   Gb  - Linker created -
.iar.init_table$$Limit  0x08000a60         --   Gb  - Linker created -
?main                   0x08000a61        Code  Gb  cmain.o [5]
BSP_Init                0x080009c5  0x10  Code  Gb  bsp.o [1]
BusFault_Handler        0x08000331   0x2  Code  Gb  stm32f4xx_it.o [1]
CSTACK$$Base            0x20000010         --   Gb  - Linker created -
CSTACK$$Limit           0x20000410         --   Gb  - Linker created -
DebugMon_Handler        0x08000337   0x2  Code  Gb  stm32f4xx_it.o [1]
EXTI0_Init              0x0800065d  0x7e  Code  Gb  exti.o [1]
EXTI9_5_IRQHandler      0x080006db  0x32  Code  Gb  exti.o [1]
EXTI_ClearITPendingBit  0x0800063f   0x6  Code  Gb  stm32f4xx_exti.o [1]
EXTI_GetITStatus        0x08000625  0x1a  Code  Gb  stm32f4xx_exti.o [1]
EXTI_Init               0x0800059d  0x88  Code  Gb  stm32f4xx_exti.o [1]
GPIO_Init               0x08000491  0xaa  Code  Gb  stm32f4xx_gpio.o [1]
GPIO_PinAFConfig        0x0800053b  0x62  Code  Gb  stm32f4xx_gpio.o [1]
HardFault_Handler       0x0800032d   0x2  Code  Gb  stm32f4xx_it.o [1]
LED_Init                0x08000869  0x3c  Code  Gb  pwm.o [1]
MemManage_Handler       0x0800032f   0x2  Code  Gb  stm32f4xx_it.o [1]
NMI_Handler             0x0800032b   0x2  Code  Gb  stm32f4xx_it.o [1]
NVIC_Init               0x080007eb  0x6a  Code  Gb  misc.o [1]
NVIC_PriorityGroupConfig
                        0x080007e1   0xa  Code  Gb  misc.o [1]
PendSV_Handler          0x08000339   0x2  Code  Gb  stm32f4xx_it.o [1]
RCC_AHB1PeriphClockCmd  0x08000719  0x22  Code  Gb  stm32f4xx_rcc.o [1]
RCC_APB1PeriphClockCmd  0x0800073b  0x1e  Code  Gb  stm32f4xx_rcc.o [1]
RCC_APB2PeriphClockCmd  0x08000759  0x1e  Code  Gb  stm32f4xx_rcc.o [1]
Region$$Table$$Base     0x08000a4c         --   Gb  - Linker created -
Region$$Table$$Limit    0x08000a60         --   Gb  - Linker created -
SVC_Handler             0x08000335   0x2  Code  Gb  stm32f4xx_it.o [1]
SYSCFG_EXTILineConfig   0x08000785  0x58  Code  Gb  stm32f4xx_syscfg.o [1]
SetSysClock             0x0800038f  0xce  Code  Lc  system_stm32f4xx.o [1]
SysTick_Handler         0x0800033b   0x2  Code  Gb  stm32f4xx_it.o [1]
SystemInit              0x0800033d  0x52  Code  Gb  system_stm32f4xx.o [1]
TIM1_Init               0x080008a5  0x64  Code  Gb  pwm.o [1]
TIM2_Init               0x08000911  0x62  Code  Gb  tim.o [1]
TIM3_IRQHandler         0x08000973  0x1e  Code  Gb  tim.o [1]
TIM_ARRPreloadConfig    0x080001f3  0x1c  Code  Gb  stm32f4xx_tim.o [1]
TIM_ClearITPendingBit   0x08000323   0x8  Code  Gb  stm32f4xx_tim.o [1]
TIM_Cmd                 0x0800020f  0x1c  Code  Gb  stm32f4xx_tim.o [1]
TIM_GetITStatus         0x080002f1  0x32  Code  Gb  stm32f4xx_tim.o [1]
TIM_ITConfig            0x080002db  0x16  Code  Gb  stm32f4xx_tim.o [1]
TIM_OC1Init             0x0800022b  0x7e  Code  Gb  stm32f4xx_tim.o [1]
TIM_OC1PreloadConfig    0x080002c9  0x12  Code  Gb  stm32f4xx_tim.o [1]
TIM_SetCompare1         0x080002c5   0x4  Code  Gb  stm32f4xx_tim.o [1]
TIM_TimeBaseInit        0x08000189  0x6a  Code  Gb  stm32f4xx_tim.o [1]
UsageFault_Handler      0x08000333   0x2  Code  Gb  stm32f4xx_it.o [1]
__cmain                 0x08000a61        Code  Gb  cmain.o [5]
__exit                  0x08000a91  0x14  Code  Gb  exit.o [6]
__iar_copy_init3        0x080009d5  0x2c  Code  Gb  copy_init3.o [5]
__iar_data_init3        0x08000a01  0x28  Code  Gb  data_init.o [5]
__iar_init_vfp          0x08000a29        Code  Gb  fpinit_M.o [4]
__iar_program_start     0x08000ab5        Code  Gb  cstartup_M.o [5]
__iar_systems$$module {Abs}
                        0x00000001        Data  Gb  command line/config [2]
__low_level_init        0x08000a7b   0x4  Code  Gb  low_level_init.o [3]
__vector_table          0x08000000        Data  Gb  startup_stm32f40_41xxx.o [1]
_call_main              0x08000a6d        Code  Gb  cmain.o [5]
_exit                   0x08000a85        Code  Gb  cexit.o [5]
_main                   0x08000a77        Code  Gb  cmain.o [5]
count                   0x20000000   0x4  Data  Gb  exti.o [1]
exit                    0x08000a7f   0x4  Code  Gb  exit.o [3]
led0pwmval              0x20000008   0x2  Data  Gb  main.o [1]
main                    0x08000999  0x2c  Code  Gb  main.o [1]
v                       0x20000004   0x4  Data  Gb  exti.o [1]


[1] = E:\Stm32Learning\Project1-Car\Debug\Obj
[2] = command line
[3] = dl7M_tlf.a
[4] = m7M_tls.a
[5] = rt7M_tl.a
[6] = shb_l.a

  3 050 bytes of readonly  code memory
     34 bytes of readonly  data memory
  1 034 bytes of readwrite data memory

Errors: none
Warnings: none
