###############################################################################
#
# IAR ELF Linker V8.10.1.12857/W32 for ARM                24/Aug/2018  15:49:52
# Copyright 2007-2017 IAR Systems AB.
#
#    Output file  =  
#        E:\学习\新队员\培训\示例\Practice1-Lighting\Debug\Exe\Project.out
#    Map file     =  
#        E:\学习\新队员\培训\示例\Practice1-Lighting\Debug\List\Project.map
#    Command line =  
#        -f C:\Users\dell\AppData\Local\Temp\EWC2B8.tmp
#        (E:\学习\新队员\培训\示例\Practice1-Lighting\Debug\Obj\bsp.o
#        E:\学习\新队员\培训\示例\Practice1-Lighting\Debug\Obj\led.o
#        E:\学习\新队员\培训\示例\Practice1-Lighting\Debug\Obj\main.o
#        E:\学习\新队员\培训\示例\Practice1-Lighting\Debug\Obj\misc.o
#        E:\学习\新队员\培训\示例\Practice1-Lighting\Debug\Obj\startup_stm32f40_41xxx.o
#        E:\学习\新队员\培训\示例\Practice1-Lighting\Debug\Obj\stm32f4xx_gpio.o
#        E:\学习\新队员\培训\示例\Practice1-Lighting\Debug\Obj\stm32f4xx_it.o
#        E:\学习\新队员\培训\示例\Practice1-Lighting\Debug\Obj\stm32f4xx_rcc.o
#        E:\学习\新队员\培训\示例\Practice1-Lighting\Debug\Obj\system_stm32f4xx.o
#        -o
#        E:\学习\新队员\培训\示例\Practice1-Lighting\Debug\Exe\Project.out
#        --map
#        E:\学习\新队员\培训\示例\Practice1-Lighting\Debug\List\Project.map
#        --config
#        E:\学习\新队员\培训\示例\Practice1-Lighting\User\stm32f4xx_flash.icf
#        --semihosting --entry __iar_program_start --vfe --text_out locale)
#
###############################################################################

*******************************************************************************
*** RUNTIME MODEL ATTRIBUTES
***

CppFlavor       = *
__SystemLibrary = DLib
__dlib_version  = 6


*******************************************************************************
*** HEAP SELECTION
***

The basic heap was selected because no calls to memory allocation
functions were found in the application outside of system library
functions, and there are calls to deallocation functions in the
application.


*******************************************************************************
*** PLACEMENT SUMMARY
***

"A0":  place at 0x08000000 { ro section .intvec };
"P1":  place in [from 0x08000000 to 0x081fffff] { ro };
"P2":  place in [from 0x20000000 to 0x2002ffff] { rw, block CSTACK, block HEAP };

  Section   Kind        Address   Size  Object
  -------   ----        -------   ----  ------
"A0":                            0x188
  .intvec   ro code  0x08000000  0x188  startup_stm32f40_41xxx.o [1]
                   - 0x08000188  0x188

"P1":                            0x4bc
  .text     ro code  0x08000188  0x154  system_stm32f4xx.o [1]
  .text     ro code  0x080002dc   0xb4  stm32f4xx_gpio.o [1]
  .text     ro code  0x08000390   0x68  led.o [1]
  .text     ro code  0x080003f8   0x28  stm32f4xx_rcc.o [1]
  .text     ro code  0x08000420   0x2c  main.o [1]
  .text     ro code  0x0800044c   0x1c  bsp.o [1]
  .text     ro code  0x08000468   0x22  fpinit_M.o [4]
  .text     ro code  0x0800048a   0x12  stm32f4xx_it.o [1]
  .text     ro code  0x0800049c   0x1a  cmain.o [5]
  .text     ro code  0x080004b6    0x4  low_level_init.o [3]
  .text     ro code  0x080004ba    0x4  exit.o [3]
  .text     ro code  0x080004c0    0xa  cexit.o [5]
  .text     ro code  0x080004cc   0x14  exit.o [6]
  .text     ro code  0x080004e0   0x10  startup_stm32f40_41xxx.o [1]
  .text     ro code  0x080004f0    0xc  cstartup_M.o [5]
  .text     ro code  0x080004fc    0x4  startup_stm32f40_41xxx.o [1]
  .text     ro code  0x08000500    0x4  startup_stm32f40_41xxx.o [1]
  .text     ro code  0x08000504    0x4  startup_stm32f40_41xxx.o [1]
  .text     ro code  0x08000508    0x4  startup_stm32f40_41xxx.o [1]
  .text     ro code  0x0800050c    0x4  startup_stm32f40_41xxx.o [1]
  .text     ro code  0x08000510    0x4  startup_stm32f40_41xxx.o [1]
  .text     ro code  0x08000514    0x4  startup_stm32f40_41xxx.o [1]
  .text     ro code  0x08000518    0x4  startup_stm32f40_41xxx.o [1]
  .text     ro code  0x0800051c    0x4  startup_stm32f40_41xxx.o [1]
  .text     ro code  0x08000520    0x4  startup_stm32f40_41xxx.o [1]
  .text     ro code  0x08000524    0x4  startup_stm32f40_41xxx.o [1]
  .text     ro code  0x08000528    0x4  startup_stm32f40_41xxx.o [1]
  .text     ro code  0x0800052c    0x4  startup_stm32f40_41xxx.o [1]
  .text     ro code  0x08000530    0x4  startup_stm32f40_41xxx.o [1]
  .text     ro code  0x08000534    0x4  startup_stm32f40_41xxx.o [1]
  .text     ro code  0x08000538    0x4  startup_stm32f40_41xxx.o [1]
  .text     ro code  0x0800053c    0x4  startup_stm32f40_41xxx.o [1]
  .text     ro code  0x08000540    0x4  startup_stm32f40_41xxx.o [1]
  .text     ro code  0x08000544    0x4  startup_stm32f40_41xxx.o [1]
  .text     ro code  0x08000548    0x4  startup_stm32f40_41xxx.o [1]
  .text     ro code  0x0800054c    0x4  startup_stm32f40_41xxx.o [1]
  .text     ro code  0x08000550    0x4  startup_stm32f40_41xxx.o [1]
  .text     ro code  0x08000554    0x4  startup_stm32f40_41xxx.o [1]
  .text     ro code  0x08000558    0x4  startup_stm32f40_41xxx.o [1]
  .text     ro code  0x0800055c    0x4  startup_stm32f40_41xxx.o [1]
  .text     ro code  0x08000560    0x4  startup_stm32f40_41xxx.o [1]
  .text     ro code  0x08000564    0x4  startup_stm32f40_41xxx.o [1]
  .text     ro code  0x08000568    0x4  startup_stm32f40_41xxx.o [1]
  .text     ro code  0x0800056c    0x4  startup_stm32f40_41xxx.o [1]
  .text     ro code  0x08000570    0x4  startup_stm32f40_41xxx.o [1]
  .text     ro code  0x08000574    0x4  startup_stm32f40_41xxx.o [1]
  .text     ro code  0x08000578    0x4  startup_stm32f40_41xxx.o [1]
  .text     ro code  0x0800057c    0x4  startup_stm32f40_41xxx.o [1]
  .text     ro code  0x08000580    0x4  startup_stm32f40_41xxx.o [1]
  .text     ro code  0x08000584    0x4  startup_stm32f40_41xxx.o [1]
  .text     ro code  0x08000588    0x4  startup_stm32f40_41xxx.o [1]
  .text     ro code  0x0800058c    0x4  startup_stm32f40_41xxx.o [1]
  .text     ro code  0x08000590    0x4  startup_stm32f40_41xxx.o [1]
  .text     ro code  0x08000594    0x4  startup_stm32f40_41xxx.o [1]
  .text     ro code  0x08000598    0x4  startup_stm32f40_41xxx.o [1]
  .text     ro code  0x0800059c    0x4  startup_stm32f40_41xxx.o [1]
  .text     ro code  0x080005a0    0x4  startup_stm32f40_41xxx.o [1]
  .text     ro code  0x080005a4    0x4  startup_stm32f40_41xxx.o [1]
  .text     ro code  0x080005a8    0x4  startup_stm32f40_41xxx.o [1]
  .text     ro code  0x080005ac    0x4  startup_stm32f40_41xxx.o [1]
  .text     ro code  0x080005b0    0x4  startup_stm32f40_41xxx.o [1]
  .text     ro code  0x080005b4    0x4  startup_stm32f40_41xxx.o [1]
  .text     ro code  0x080005b8    0x4  startup_stm32f40_41xxx.o [1]
  .text     ro code  0x080005bc    0x4  startup_stm32f40_41xxx.o [1]
  .text     ro code  0x080005c0    0x4  startup_stm32f40_41xxx.o [1]
  .text     ro code  0x080005c4    0x4  startup_stm32f40_41xxx.o [1]
  .text     ro code  0x080005c8    0x4  startup_stm32f40_41xxx.o [1]
  .text     ro code  0x080005cc    0x4  startup_stm32f40_41xxx.o [1]
  .text     ro code  0x080005d0    0x4  startup_stm32f40_41xxx.o [1]
  .text     ro code  0x080005d4    0x4  startup_stm32f40_41xxx.o [1]
  .text     ro code  0x080005d8    0x4  startup_stm32f40_41xxx.o [1]
  .text     ro code  0x080005dc    0x4  startup_stm32f40_41xxx.o [1]
  .text     ro code  0x080005e0    0x4  startup_stm32f40_41xxx.o [1]
  .text     ro code  0x080005e4    0x4  startup_stm32f40_41xxx.o [1]
  .text     ro code  0x080005e8    0x4  startup_stm32f40_41xxx.o [1]
  .text     ro code  0x080005ec    0x4  startup_stm32f40_41xxx.o [1]
  .text     ro code  0x080005f0    0x4  startup_stm32f40_41xxx.o [1]
  .text     ro code  0x080005f4    0x4  startup_stm32f40_41xxx.o [1]
  .text     ro code  0x080005f8    0x4  startup_stm32f40_41xxx.o [1]
  .text     ro code  0x080005fc    0x4  startup_stm32f40_41xxx.o [1]
  .text     ro code  0x08000600    0x4  startup_stm32f40_41xxx.o [1]
  .text     ro code  0x08000604    0x4  startup_stm32f40_41xxx.o [1]
  .text     ro code  0x08000608    0x4  startup_stm32f40_41xxx.o [1]
  .text     ro code  0x0800060c    0x4  startup_stm32f40_41xxx.o [1]
  .text     ro code  0x08000610    0x4  startup_stm32f40_41xxx.o [1]
  .text     ro code  0x08000614    0x4  startup_stm32f40_41xxx.o [1]
  .text     ro code  0x08000618    0x4  startup_stm32f40_41xxx.o [1]
  .text     ro code  0x0800061c    0x4  startup_stm32f40_41xxx.o [1]
  .text     ro code  0x08000620    0x4  startup_stm32f40_41xxx.o [1]
  .text     ro code  0x08000624    0x4  startup_stm32f40_41xxx.o [1]
  .text     ro code  0x08000628    0x4  startup_stm32f40_41xxx.o [1]
  .text     ro code  0x0800062c    0x4  startup_stm32f40_41xxx.o [1]
  .text     ro code  0x08000630    0x4  startup_stm32f40_41xxx.o [1]
  .text     ro code  0x08000634    0x4  startup_stm32f40_41xxx.o [1]
  .text     ro code  0x08000638    0x4  startup_stm32f40_41xxx.o [1]
  .text     ro code  0x0800063c    0x4  startup_stm32f40_41xxx.o [1]
  .text     ro code  0x08000640    0x4  startup_stm32f40_41xxx.o [1]
                   - 0x08000644  0x4bc

"P2":                            0x400
  CSTACK             0x20000000  0x400  <Block>
    CSTACK  uninit   0x20000000  0x400  <Block tail>
                   - 0x20000400  0x400



*******************************************************************************
*** MODULE SUMMARY
***

    Module                    ro code  rw data
    ------                    -------  -------
E:\学习\新队员\培训\示例\Practice1-Lighting\Debug\Obj: [1]
    bsp.o                          28
    led.o                         104
    main.o                         44
    startup_stm32f40_41xxx.o      736
    stm32f4xx_gpio.o              180
    stm32f4xx_it.o                 18
    stm32f4xx_rcc.o                40
    system_stm32f4xx.o            340
    ------------------------------------------
    Total:                      1 490

command line: [2]
    ------------------------------------------
    Total:

dl7M_tlf.a: [3]
    exit.o                          4
    low_level_init.o                4
    ------------------------------------------
    Total:                          8

m7M_tls.a: [4]
    fpinit_M.o                     34
    ------------------------------------------
    Total:                         34

rt7M_tl.a: [5]
    cexit.o                        10
    cmain.o                        26
    cstartup_M.o                   12
    ------------------------------------------
    Total:                         48

shb_l.a: [6]
    exit.o                         20
    ------------------------------------------
    Total:                         20

    Gaps                            4
    Linker created                       1 024
----------------------------------------------
    Grand Total:                1 604    1 024


*******************************************************************************
*** ENTRY LIST
***

Entry                      Address  Size  Type      Object
-----                      -------  ----  ----      ------
?main                   0x0800049d        Code  Gb  cmain.o [5]
BusFault_Handler        0x08000491   0x2  Code  Gb  stm32f4xx_it.o [1]
CSTACK$$Base            0x20000000         --   Gb  - Linker created -
CSTACK$$Limit           0x20000400         --   Gb  - Linker created -
DebugMon_Handler        0x08000497   0x2  Code  Gb  stm32f4xx_it.o [1]
GPIO_Init               0x080002dd  0xaa  Code  Gb  stm32f4xx_gpio.o [1]
GPIO_ToggleBits         0x08000387   0xa  Code  Gb  stm32f4xx_gpio.o [1]
HardFault_Handler       0x0800048d   0x2  Code  Gb  stm32f4xx_it.o [1]
LED_Init                0x08000391  0x68  Code  Gb  led.o [1]
MemManage_Handler       0x0800048f   0x2  Code  Gb  stm32f4xx_it.o [1]
NMI_Handler             0x0800048b   0x2  Code  Gb  stm32f4xx_it.o [1]
PendSV_Handler          0x08000499   0x2  Code  Gb  stm32f4xx_it.o [1]
RCC_AHB1PeriphClockCmd  0x080003f9  0x22  Code  Gb  stm32f4xx_rcc.o [1]
Region$$Table$$Base     0x00000000         --   Gb  - Linker created -
Region$$Table$$Limit    0x00000000         --   Gb  - Linker created -
SVC_Handler             0x08000495   0x2  Code  Gb  stm32f4xx_it.o [1]
SetSysClock             0x080001db  0xce  Code  Lc  system_stm32f4xx.o [1]
SysTick_Handler         0x0800049b   0x2  Code  Gb  stm32f4xx_it.o [1]
SystemInit              0x08000189  0x52  Code  Gb  system_stm32f4xx.o [1]
UsageFault_Handler      0x08000493   0x2  Code  Gb  stm32f4xx_it.o [1]
__cmain                 0x0800049d        Code  Gb  cmain.o [5]
__exit                  0x080004cd  0x14  Code  Gb  exit.o [6]
__iar_init_vfp          0x08000469        Code  Gb  fpinit_M.o [4]
__iar_program_start     0x080004f1        Code  Gb  cstartup_M.o [5]
__iar_systems$$module {Abs}
                        0x00000001        Data  Gb  command line/config [2]
__low_level_init        0x080004b7   0x4  Code  Gb  low_level_init.o [3]
__vector_table          0x08000000        Data  Gb  startup_stm32f40_41xxx.o [1]
_call_main              0x080004a9        Code  Gb  cmain.o [5]
_exit                   0x080004c1        Code  Gb  cexit.o [5]
_main                   0x080004b3        Code  Gb  cmain.o [5]
delay_ms                0x0800044d  0x1c  Code  Gb  bsp.o [1]
exit                    0x080004bb   0x4  Code  Gb  exit.o [3]
main                    0x08000421  0x2c  Code  Gb  main.o [1]


[1] = E:\学习\新队员\培训\示例\Practice1-Lighting\Debug\Obj
[2] = command line
[3] = dl7M_tlf.a
[4] = m7M_tls.a
[5] = rt7M_tl.a
[6] = shb_l.a

  1 604 bytes of readonly  code memory
  1 024 bytes of readwrite data memory

Errors: none
Warnings: none
