###############################################################################
#
# IAR ELF Linker V8.10.1.12857/W32 for ARM                24/Jul/2018  19:29:06
# Copyright 2007-2017 IAR Systems AB.
#
#    Output file  =  
#        E:\学习\新队员\培训\示例\Practice2-Usart\Debug\Exe\Project.out
#    Map file     =  
#        E:\学习\新队员\培训\示例\Practice2-Usart\Debug\List\Project.map
#    Command line =  
#        -f C:\Users\dell\AppData\Local\Temp\EW83E2.tmp
#        (E:\学习\新队员\培训\示例\Practice2-Usart\Debug\Obj\bsp.o
#        E:\学习\新队员\培训\示例\Practice2-Usart\Debug\Obj\main.o
#        E:\学习\新队员\培训\示例\Practice2-Usart\Debug\Obj\misc.o
#        E:\学习\新队员\培训\示例\Practice2-Usart\Debug\Obj\startup_stm32f40_41xxx.o
#        E:\学习\新队员\培训\示例\Practice2-Usart\Debug\Obj\stm32f4xx_gpio.o
#        E:\学习\新队员\培训\示例\Practice2-Usart\Debug\Obj\stm32f4xx_it.o
#        E:\学习\新队员\培训\示例\Practice2-Usart\Debug\Obj\stm32f4xx_rcc.o
#        E:\学习\新队员\培训\示例\Practice2-Usart\Debug\Obj\stm32f4xx_usart.o
#        E:\学习\新队员\培训\示例\Practice2-Usart\Debug\Obj\system_stm32f4xx.o
#        E:\学习\新队员\培训\示例\Practice2-Usart\Debug\Obj\Usart.o -o
#        E:\学习\新队员\培训\示例\Practice2-Usart\Debug\Exe\Project.out
#        --map
#        E:\学习\新队员\培训\示例\Practice2-Usart\Debug\List\Project.map
#        --config
#        E:\学习\新队员\培训\示例\Practice2-Usart\User\stm32f4xx_flash.icf
#        --semihosting --entry __iar_program_start --vfe --text_out locale)
#
###############################################################################

*******************************************************************************
*** RUNTIME MODEL ATTRIBUTES
***

CppFlavor       = *
__SystemLibrary = DLib
__dlib_version  = 6


*******************************************************************************
*** HEAP SELECTION
***

The basic heap was selected because no calls to memory allocation
functions were found in the application outside of system library
functions, and there are calls to deallocation functions in the
application.


*******************************************************************************
*** PLACEMENT SUMMARY
***

"A0":  place at 0x08000000 { ro section .intvec };
"P1":  place in [from 0x08000000 to 0x081fffff] { ro };
"P2":  place in [from 0x20000000 to 0x2002ffff] { rw, block CSTACK, block HEAP };
initialize by copy { rw };

  Section            Kind        Address   Size  Object
  -------            ----        -------   ----  ------
"A0":                                     0x188
  .intvec            ro code  0x08000000  0x188  startup_stm32f40_41xxx.o [1]
                            - 0x08000188  0x188

"P1":                                     0xb88
  .text              ro code  0x08000188  0x326  stm32f4xx_usart.o [1]
  .text              ro code  0x080004ae   0x12  stm32f4xx_it.o [1]
  .text              ro code  0x080004c0  0x1a0  stm32f4xx_rcc.o [1]
  .text              ro code  0x08000660  0x154  system_stm32f4xx.o [1]
  .text              ro code  0x080007b4  0x140  Usart.o [1]
  .text              ro code  0x080008f4  0x10c  stm32f4xx_gpio.o [1]
  .text              ro code  0x08000a00   0x88  misc.o [1]
  .text              ro code  0x08000a88   0x2c  bsp.o [1]
  .text              ro code  0x08000ab4   0x2c  copy_init3.o [5]
  .text              ro code  0x08000ae0   0x28  data_init.o [5]
  .text              ro code  0x08000b08   0x22  fpinit_M.o [4]
  .iar.init_table    const    0x08000b2c   0x14  - Linker created -
  .text              ro code  0x08000b40   0x1a  cmain.o [5]
  .text              ro code  0x08000b5a    0x4  low_level_init.o [3]
  .text              ro code  0x08000b5e   0x18  main.o [1]
  .text              ro code  0x08000b76    0x4  exit.o [3]
  .text              ro code  0x08000b7c    0xa  cexit.o [5]
  .text              ro code  0x08000b88   0x14  exit.o [6]
  Initializer bytes  const    0x08000b9c   0x14  <for P2-1>
  .text              ro code  0x08000bb0   0x10  startup_stm32f40_41xxx.o [1]
  .text              ro code  0x08000bc0    0xc  cstartup_M.o [5]
  .text              ro code  0x08000bcc    0x4  startup_stm32f40_41xxx.o [1]
  .text              ro code  0x08000bd0    0x4  startup_stm32f40_41xxx.o [1]
  .text              ro code  0x08000bd4    0x4  startup_stm32f40_41xxx.o [1]
  .text              ro code  0x08000bd8    0x4  startup_stm32f40_41xxx.o [1]
  .text              ro code  0x08000bdc    0x4  startup_stm32f40_41xxx.o [1]
  .text              ro code  0x08000be0    0x4  startup_stm32f40_41xxx.o [1]
  .text              ro code  0x08000be4    0x4  startup_stm32f40_41xxx.o [1]
  .text              ro code  0x08000be8    0x4  startup_stm32f40_41xxx.o [1]
  .text              ro code  0x08000bec    0x4  startup_stm32f40_41xxx.o [1]
  .text              ro code  0x08000bf0    0x4  startup_stm32f40_41xxx.o [1]
  .text              ro code  0x08000bf4    0x4  startup_stm32f40_41xxx.o [1]
  .text              ro code  0x08000bf8    0x4  startup_stm32f40_41xxx.o [1]
  .text              ro code  0x08000bfc    0x4  startup_stm32f40_41xxx.o [1]
  .text              ro code  0x08000c00    0x4  startup_stm32f40_41xxx.o [1]
  .text              ro code  0x08000c04    0x4  startup_stm32f40_41xxx.o [1]
  .text              ro code  0x08000c08    0x4  startup_stm32f40_41xxx.o [1]
  .text              ro code  0x08000c0c    0x4  startup_stm32f40_41xxx.o [1]
  .text              ro code  0x08000c10    0x4  startup_stm32f40_41xxx.o [1]
  .text              ro code  0x08000c14    0x4  startup_stm32f40_41xxx.o [1]
  .text              ro code  0x08000c18    0x4  startup_stm32f40_41xxx.o [1]
  .text              ro code  0x08000c1c    0x4  startup_stm32f40_41xxx.o [1]
  .text              ro code  0x08000c20    0x4  startup_stm32f40_41xxx.o [1]
  .text              ro code  0x08000c24    0x4  startup_stm32f40_41xxx.o [1]
  .text              ro code  0x08000c28    0x4  startup_stm32f40_41xxx.o [1]
  .text              ro code  0x08000c2c    0x4  startup_stm32f40_41xxx.o [1]
  .text              ro code  0x08000c30    0x4  startup_stm32f40_41xxx.o [1]
  .text              ro code  0x08000c34    0x4  startup_stm32f40_41xxx.o [1]
  .text              ro code  0x08000c38    0x4  startup_stm32f40_41xxx.o [1]
  .text              ro code  0x08000c3c    0x4  startup_stm32f40_41xxx.o [1]
  .text              ro code  0x08000c40    0x4  startup_stm32f40_41xxx.o [1]
  .text              ro code  0x08000c44    0x4  startup_stm32f40_41xxx.o [1]
  .text              ro code  0x08000c48    0x4  startup_stm32f40_41xxx.o [1]
  .text              ro code  0x08000c4c    0x4  startup_stm32f40_41xxx.o [1]
  .text              ro code  0x08000c50    0x4  startup_stm32f40_41xxx.o [1]
  .text              ro code  0x08000c54    0x4  startup_stm32f40_41xxx.o [1]
  .text              ro code  0x08000c58    0x4  startup_stm32f40_41xxx.o [1]
  .text              ro code  0x08000c5c    0x4  startup_stm32f40_41xxx.o [1]
  .text              ro code  0x08000c60    0x4  startup_stm32f40_41xxx.o [1]
  .text              ro code  0x08000c64    0x4  startup_stm32f40_41xxx.o [1]
  .text              ro code  0x08000c68    0x4  startup_stm32f40_41xxx.o [1]
  .text              ro code  0x08000c6c    0x4  startup_stm32f40_41xxx.o [1]
  .text              ro code  0x08000c70    0x4  startup_stm32f40_41xxx.o [1]
  .text              ro code  0x08000c74    0x4  startup_stm32f40_41xxx.o [1]
  .text              ro code  0x08000c78    0x4  startup_stm32f40_41xxx.o [1]
  .text              ro code  0x08000c7c    0x4  startup_stm32f40_41xxx.o [1]
  .text              ro code  0x08000c80    0x4  startup_stm32f40_41xxx.o [1]
  .text              ro code  0x08000c84    0x4  startup_stm32f40_41xxx.o [1]
  .text              ro code  0x08000c88    0x4  startup_stm32f40_41xxx.o [1]
  .text              ro code  0x08000c8c    0x4  startup_stm32f40_41xxx.o [1]
  .text              ro code  0x08000c90    0x4  startup_stm32f40_41xxx.o [1]
  .text              ro code  0x08000c94    0x4  startup_stm32f40_41xxx.o [1]
  .text              ro code  0x08000c98    0x4  startup_stm32f40_41xxx.o [1]
  .text              ro code  0x08000c9c    0x4  startup_stm32f40_41xxx.o [1]
  .text              ro code  0x08000ca0    0x4  startup_stm32f40_41xxx.o [1]
  .text              ro code  0x08000ca4    0x4  startup_stm32f40_41xxx.o [1]
  .text              ro code  0x08000ca8    0x4  startup_stm32f40_41xxx.o [1]
  .text              ro code  0x08000cac    0x4  startup_stm32f40_41xxx.o [1]
  .text              ro code  0x08000cb0    0x4  startup_stm32f40_41xxx.o [1]
  .text              ro code  0x08000cb4    0x4  startup_stm32f40_41xxx.o [1]
  .text              ro code  0x08000cb8    0x4  startup_stm32f40_41xxx.o [1]
  .text              ro code  0x08000cbc    0x4  startup_stm32f40_41xxx.o [1]
  .text              ro code  0x08000cc0    0x4  startup_stm32f40_41xxx.o [1]
  .text              ro code  0x08000cc4    0x4  startup_stm32f40_41xxx.o [1]
  .text              ro code  0x08000cc8    0x4  startup_stm32f40_41xxx.o [1]
  .text              ro code  0x08000ccc    0x4  startup_stm32f40_41xxx.o [1]
  .text              ro code  0x08000cd0    0x4  startup_stm32f40_41xxx.o [1]
  .text              ro code  0x08000cd4    0x4  startup_stm32f40_41xxx.o [1]
  .text              ro code  0x08000cd8    0x4  startup_stm32f40_41xxx.o [1]
  .text              ro code  0x08000cdc    0x4  startup_stm32f40_41xxx.o [1]
  .text              ro code  0x08000ce0    0x4  startup_stm32f40_41xxx.o [1]
  .text              ro code  0x08000ce4    0x4  startup_stm32f40_41xxx.o [1]
  .text              ro code  0x08000ce8    0x4  startup_stm32f40_41xxx.o [1]
  .text              ro code  0x08000cec    0x4  startup_stm32f40_41xxx.o [1]
  .text              ro code  0x08000cf0    0x4  startup_stm32f40_41xxx.o [1]
  .text              ro code  0x08000cf4    0x4  startup_stm32f40_41xxx.o [1]
  .text              ro code  0x08000cf8    0x4  startup_stm32f40_41xxx.o [1]
  .text              ro code  0x08000cfc    0x4  startup_stm32f40_41xxx.o [1]
  .text              ro code  0x08000d00    0x4  startup_stm32f40_41xxx.o [1]
  .text              ro code  0x08000d04    0x4  startup_stm32f40_41xxx.o [1]
  .text              ro code  0x08000d08    0x4  startup_stm32f40_41xxx.o [1]
  .text              ro code  0x08000d0c    0x4  startup_stm32f40_41xxx.o [1]
  .rodata            const    0x08000d10    0x0  copy_init3.o [5]
                            - 0x08000d10  0xb88

"P2", part 1 of 2:                         0x14
  P2-1                        0x20000000   0x11  <Init block>
    .data            inited   0x20000000   0x10  stm32f4xx_rcc.o [1]
    .bss             inited   0x20000010    0x1  Usart.o [1]
                            - 0x20000011   0x11

"P2", part 2 of 2:                        0x400
  CSTACK                      0x20000018  0x400  <Block>
    CSTACK           uninit   0x20000018  0x400  <Block tail>
                            - 0x20000418  0x400


*******************************************************************************
*** INIT TABLE
***

          Address     Size
          -------     ----
Copy (__iar_copy_init3)
    1 source range, total size 0x14 (117% of destination):
          0x08000b9c  0x14
    1 destination range, total size 0x11:
          0x20000000  0x11



*******************************************************************************
*** MODULE SUMMARY
***

    Module                    ro code  ro data  rw data
    ------                    -------  -------  -------
E:\学习\新队员\培训\示例\Practice2-Usart\Debug\Obj: [1]
    Usart.o                       320        1        1
    bsp.o                          44
    main.o                         24
    misc.o                        136
    startup_stm32f40_41xxx.o      732
    stm32f4xx_gpio.o              268
    stm32f4xx_it.o                 18
    stm32f4xx_rcc.o               416       16       16
    stm32f4xx_usart.o             806
    system_stm32f4xx.o            340
    ---------------------------------------------------
    Total:                      3 104       17       17

command line: [2]
    ---------------------------------------------------
    Total:

dl7M_tlf.a: [3]
    exit.o                          4
    low_level_init.o                4
    ---------------------------------------------------
    Total:                          8

m7M_tls.a: [4]
    fpinit_M.o                     34
    ---------------------------------------------------
    Total:                         34

rt7M_tl.a: [5]
    cexit.o                        10
    cmain.o                        26
    copy_init3.o                   44
    cstartup_M.o                   12
    data_init.o                    40
    ---------------------------------------------------
    Total:                        132

shb_l.a: [6]
    exit.o                         20
    ---------------------------------------------------
    Total:                         20

    Gaps                            4        2
    Linker created                          23    1 024
-------------------------------------------------------
    Grand Total:                3 302       42    1 041


*******************************************************************************
*** ENTRY LIST
***

Entry                      Address  Size  Type      Object
-----                      -------  ----  ----      ------
.iar.init_table$$Base   0x08000b2c         --   Gb  - Linker created -
.iar.init_table$$Limit  0x08000b40         --   Gb  - Linker created -
?main                   0x08000b41        Code  Gb  cmain.o [5]
APBAHBPrescTable        0x20000000  0x10  Data  Lc  stm32f4xx_rcc.o [1]
BSP_Init                0x08000a89  0x10  Code  Gb  bsp.o [1]
BusFault_Handler        0x080004b5   0x2  Code  Gb  stm32f4xx_it.o [1]
CSTACK$$Base            0x20000018         --   Gb  - Linker created -
CSTACK$$Limit           0x20000418         --   Gb  - Linker created -
DebugMon_Handler        0x080004bb   0x2  Code  Gb  stm32f4xx_it.o [1]
GPIO_Init               0x080008f5  0xaa  Code  Gb  stm32f4xx_gpio.o [1]
GPIO_PinAFConfig        0x0800099f  0x62  Code  Gb  stm32f4xx_gpio.o [1]
HardFault_Handler       0x080004b1   0x2  Code  Gb  stm32f4xx_it.o [1]
MemManage_Handler       0x080004b3   0x2  Code  Gb  stm32f4xx_it.o [1]
NMI_Handler             0x080004af   0x2  Code  Gb  stm32f4xx_it.o [1]
NVIC_Init               0x08000a0b  0x6a  Code  Gb  misc.o [1]
NVIC_PriorityGroupConfig
                        0x08000a01   0xa  Code  Gb  misc.o [1]
PendSV_Handler          0x080004bd   0x2  Code  Gb  stm32f4xx_it.o [1]
RCC_AHB1PeriphClockCmd  0x080005bf  0x22  Code  Gb  stm32f4xx_rcc.o [1]
RCC_APB1PeriphResetCmd  0x080005ff  0x1e  Code  Gb  stm32f4xx_rcc.o [1]
RCC_APB2PeriphClockCmd  0x080005e1  0x1e  Code  Gb  stm32f4xx_rcc.o [1]
RCC_APB2PeriphResetCmd  0x0800061d  0x1e  Code  Gb  stm32f4xx_rcc.o [1]
RCC_GetClocksFreq       0x080004c1  0xfe  Code  Gb  stm32f4xx_rcc.o [1]
ReceiveData             0x20000010   0x1  Data  Gb  Usart.o [1]
Region$$Table$$Base     0x08000b2c         --   Gb  - Linker created -
Region$$Table$$Limit    0x08000b40         --   Gb  - Linker created -
SVC_Handler             0x080004b9   0x2  Code  Gb  stm32f4xx_it.o [1]
SetSysClock             0x080006b3  0xce  Code  Lc  system_stm32f4xx.o [1]
SysTick_Handler         0x080004bf   0x2  Code  Gb  stm32f4xx_it.o [1]
SystemInit              0x08000661  0x52  Code  Gb  system_stm32f4xx.o [1]
USART1_IRQHandler       0x080008b7  0x32  Code  Gb  Usart.o [1]
USART_ClearITPendingBit
                        0x08000489  0x26  Code  Gb  stm32f4xx_usart.o [1]
USART_Cmd               0x08000379  0x1c  Code  Gb  stm32f4xx_usart.o [1]
USART_Configuration     0x080007b5  0xe4  Code  Gb  Usart.o [1]
USART_DeInit            0x08000189  0xdc  Code  Gb  stm32f4xx_usart.o [1]
USART_GetFlagStatus     0x080003fb  0x1e  Code  Gb  stm32f4xx_usart.o [1]
USART_GetITStatus       0x08000419  0x70  Code  Gb  stm32f4xx_usart.o [1]
USART_ITConfig          0x080003a5  0x56  Code  Gb  stm32f4xx_usart.o [1]
USART_Init              0x08000265  0xee  Code  Gb  stm32f4xx_usart.o [1]
USART_ReceiveData       0x0800039d   0x8  Code  Gb  stm32f4xx_usart.o [1]
USART_SendData          0x08000395   0x8  Code  Gb  stm32f4xx_usart.o [1]
USART_Send_Char         0x08000899  0x1e  Code  Gb  Usart.o [1]
UsageFault_Handler      0x080004b7   0x2  Code  Gb  stm32f4xx_it.o [1]
__cmain                 0x08000b41        Code  Gb  cmain.o [5]
__exit                  0x08000b89  0x14  Code  Gb  exit.o [6]
__iar_copy_init3        0x08000ab5  0x2c  Code  Gb  copy_init3.o [5]
__iar_data_init3        0x08000ae1  0x28  Code  Gb  data_init.o [5]
__iar_init_vfp          0x08000b09        Code  Gb  fpinit_M.o [4]
__iar_program_start     0x08000bc1        Code  Gb  cstartup_M.o [5]
__iar_systems$$module {Abs}
                        0x00000001        Data  Gb  command line/config [2]
__low_level_init        0x08000b5b   0x4  Code  Gb  low_level_init.o [3]
__vector_table          0x08000000        Data  Gb  startup_stm32f40_41xxx.o [1]
_call_main              0x08000b4d        Code  Gb  cmain.o [5]
_exit                   0x08000b7d        Code  Gb  cexit.o [5]
_main                   0x08000b57        Code  Gb  cmain.o [5]
delay_ms                0x08000a99  0x1c  Code  Gb  bsp.o [1]
exit                    0x08000b77   0x4  Code  Gb  exit.o [3]
main                    0x08000b5f  0x18  Code  Gb  main.o [1]


[1] = E:\学习\新队员\培训\示例\Practice2-Usart\Debug\Obj
[2] = command line
[3] = dl7M_tlf.a
[4] = m7M_tls.a
[5] = rt7M_tl.a
[6] = shb_l.a

  3 302 bytes of readonly  code memory
     42 bytes of readonly  data memory
  1 041 bytes of readwrite data memory

Errors: none
Warnings: none
